Component: ARM Compiler 5.06 update 5 (build 528) Tool: armlink [4d35e2]

==============================================================================

Section Cross References

    startup_stm32l010x6.o(RESET) refers to startup_stm32l010x6.o(STACK) for __initial_sp
    startup_stm32l010x6.o(RESET) refers to startup_stm32l010x6.o(.text) for Reset_Handler
    startup_stm32l010x6.o(RESET) refers to stm32l0xx_it.o(i.NMI_Handler) for NMI_Handler
    startup_stm32l010x6.o(RESET) refers to stm32l0xx_it.o(i.HardFault_Handler) for HardFault_Handler
    startup_stm32l010x6.o(RESET) refers to stm32l0xx_it.o(i.SVC_Handler) for SVC_Handler
    startup_stm32l010x6.o(RESET) refers to stm32l0xx_it.o(i.PendSV_Handler) for PendSV_Handler
    startup_stm32l010x6.o(RESET) refers to stm32l0xx_it.o(i.SysTick_Handler) for SysTick_Handler
    startup_stm32l010x6.o(RESET) refers to stm32l0xx_it.o(i.RTC_IRQHandler) for RTC_IRQHandler
    startup_stm32l010x6.o(RESET) refers to stm32l0xx_it.o(i.EXTI0_1_IRQHandler) for EXTI0_1_IRQHandler
    startup_stm32l010x6.o(RESET) refers to stm32l0xx_it.o(i.EXTI2_3_IRQHandler) for EXTI2_3_IRQHandler
    startup_stm32l010x6.o(RESET) refers to stm32l0xx_it.o(i.LPTIM1_IRQHandler) for LPTIM1_IRQHandler
    startup_stm32l010x6.o(RESET) refers to stm32l0xx_it.o(i.LPUART1_IRQHandler) for LPUART1_IRQHandler
    startup_stm32l010x6.o(.text) refers to startup_stm32l010x6.o(STACK) for __initial_sp
    startup_stm32l010x6.o(.text) refers to system_stm32l0xx.o(i.SystemInit) for SystemInit
    startup_stm32l010x6.o(.text) refers to entry.o(.ARM.Collect$$$$00000000) for __main
    main.o(i.Bufferchg) refers to main.o(i.Convert_ASCII) for Convert_ASCII
    main.o(i.Bufferchg) refers to main.o(.data) for .data
    main.o(i.Bufferchg) refers to main.o(.bss) for .bss
    main.o(i.Convert_ASCII) refers to main.o(i.__ARM_common_switch8) for __ARM_common_switch8
    main.o(i.Convert_ASCII) refers to main.o(.data) for .data
    main.o(i.EEPROM_WRITE) refers to stm32l0xx_hal_flash_ex.o(i.HAL_FLASHEx_DATAEEPROM_Unlock) for HAL_FLASHEx_DATAEEPROM_Unlock
    main.o(i.EEPROM_WRITE) refers to main.o(i.LEDRed_Blinking) for LEDRed_Blinking
    main.o(i.EEPROM_WRITE) refers to stm32l0xx_hal_flash_ex.o(i.HAL_FLASHEx_DATAEEPROM_Program) for HAL_FLASHEx_DATAEEPROM_Program
    main.o(i.EEPROM_WRITE) refers to stm32l0xx_hal_flash_ex.o(i.HAL_FLASHEx_DATAEEPROM_Lock) for HAL_FLASHEx_DATAEEPROM_Lock
    main.o(i.Error_Handler) refers to main.o(i.LEDRed_Blinking) for LEDRed_Blinking
    main.o(i.LEDGreen_Blinking) refers to stm32l0xx_ll_utils.o(i.LL_mDelay) for LL_mDelay
    main.o(i.LEDRed_Blinking) refers to stm32l0xx_ll_utils.o(i.LL_mDelay) for LL_mDelay
    main.o(i.Show_Message) refers to usart.o(i.PrintInfo) for PrintInfo
    main.o(i.Show_Message) refers to spi.o(i.ADXL362RegisterRead) for ADXL362RegisterRead
    main.o(i.Show_Message) refers to stm32l0xx_ll_utils.o(i.LL_mDelay) for LL_mDelay
    main.o(i.Show_Message) refers to printf5.o(i.__0printf$5) for __2printf
    main.o(i.Show_Message) refers to main.o(.data) for .data
    main.o(i.Show_Message) refers to main.o(.bss) for .bss
    main.o(i.SystemClock_Config) refers to memseta.o(.text) for __aeabi_memclr4
    main.o(i.SystemClock_Config) refers to stm32l0xx_hal_pwr.o(i.HAL_PWR_EnableBkUpAccess) for HAL_PWR_EnableBkUpAccess
    main.o(i.SystemClock_Config) refers to stm32l0xx_hal_rcc.o(i.HAL_RCC_OscConfig) for HAL_RCC_OscConfig
    main.o(i.SystemClock_Config) refers to stm32l0xx_hal_rcc.o(i.HAL_RCC_ClockConfig) for HAL_RCC_ClockConfig
    main.o(i.SystemClock_Config) refers to stm32l0xx_hal_rcc_ex.o(i.HAL_RCCEx_PeriphCLKConfig) for HAL_RCCEx_PeriphCLKConfig
    main.o(i.SystemClock_Config) refers to main.o(i.LEDRed_Blinking) for LEDRed_Blinking
    main.o(i.main) refers to stm32l0xx_hal.o(i.HAL_Init) for HAL_Init
    main.o(i.main) refers to main.o(i.SystemClock_Config) for SystemClock_Config
    main.o(i.main) refers to gpio.o(i.MX_GPIO_Init) for MX_GPIO_Init
    main.o(i.main) refers to spi.o(i.MX_SPI1_Init) for MX_SPI1_Init
    main.o(i.main) refers to usart.o(i.MX_LPUART1_UART_Init) for MX_LPUART1_UART_Init
    main.o(i.main) refers to lptim.o(i.MX_LPTIM1_Init) for MX_LPTIM1_Init
    main.o(i.main) refers to rtc.o(i.MX_RTC_Init) for MX_RTC_Init
    main.o(i.main) refers to iwdg.o(i.MX_IWDG_Init) for MX_IWDG_Init
    main.o(i.main) refers to gpio.o(i.REL_EXTI_DisInit) for REL_EXTI_DisInit
    main.o(i.main) refers to spi.o(i.Activate_SPI) for Activate_SPI
    main.o(i.main) refers to usart.o(i.Activate_LPUART1) for Activate_LPUART1
    main.o(i.main) refers to lptim.o(i.LPTIM1_Counter_Start_IT) for LPTIM1_Counter_Start_IT
    main.o(i.main) refers to spi.o(i.ADXL362_Init) for ADXL362_Init
    main.o(i.main) refers to stm32l0xx_ll_utils.o(i.LL_mDelay) for LL_mDelay
    main.o(i.main) refers to main.o(i.Show_Message) for Show_Message
    main.o(i.main) refers to main.o(i.EEPROM_WRITE) for EEPROM_WRITE
    main.o(i.main) refers to usart.o(i.PrintInfo) for PrintInfo
[...]
    Removing stm32l0xx_hal.o(i.HAL_DBGMCU_EnableDBGSleepMode), (16 bytes).
    Removing stm32l0xx_hal.o(i.HAL_DBGMCU_EnableDBGStandbyMode), (16 bytes).
    Removing stm32l0xx_hal.o(i.HAL_DBGMCU_EnableDBGStopMode), (16 bytes).
    Removing stm32l0xx_hal.o(i.HAL_DeInit), (40 bytes).
    Removing stm32l0xx_hal.o(i.HAL_Delay), (28 bytes).
    Removing stm32l0xx_hal.o(i.HAL_GetDEVID), (16 bytes).
    Removing stm32l0xx_hal.o(i.HAL_GetHalVersion), (8 bytes).
    Removing stm32l0xx_hal.o(i.HAL_GetREVID), (12 bytes).
    Removing stm32l0xx_hal.o(i.HAL_GetUIDw0), (12 bytes).
    Removing stm32l0xx_hal.o(i.HAL_GetUIDw1), (12 bytes).
    Removing stm32l0xx_hal.o(i.HAL_GetUIDw2), (12 bytes).
    Removing stm32l0xx_hal.o(i.HAL_MspDeInit), (2 bytes).
    Removing stm32l0xx_hal.o(i.HAL_MspInit), (2 bytes).
    Removing stm32l0xx_hal.o(i.HAL_ResumeTick), (16 bytes).
    Removing stm32l0xx_hal.o(i.HAL_SYSCFG_Disable_Lock_VREFINT), (16 bytes).
    Removing stm32l0xx_hal.o(i.HAL_SYSCFG_Enable_Lock_VREFINT), (16 bytes).
    Removing stm32l0xx_hal.o(i.HAL_SYSCFG_GetBootMode), (16 bytes).
    Removing stm32l0xx_hal.o(i.HAL_SYSCFG_VREFINT_OutputSelect), (24 bytes).
    Removing stm32l0xx_hal.o(i.HAL_SuspendTick), (16 bytes).
    Removing stm32l0xx_hal_i2c.o(.rev16_text), (4 bytes).
    Removing stm32l0xx_hal_i2c.o(.revsh_text), (4 bytes).
    Removing stm32l0xx_hal_i2c.o(i.HAL_I2C_AbortCpltCallback), (2 bytes).
    Removing stm32l0xx_hal_i2c.o(i.HAL_I2C_AddrCallback), (2 bytes).
    Removing stm32l0xx_hal_i2c.o(i.HAL_I2C_DeInit), (52 bytes).
    Removing stm32l0xx_hal_i2c.o(i.HAL_I2C_DisableListen_IT), (48 bytes).
    Removing stm32l0xx_hal_i2c.o(i.HAL_I2C_ER_IRQHandler), (94 bytes).
    Removing stm32l0xx_hal_i2c.o(i.HAL_I2C_EV_IRQHandler), (16 bytes).
    Removing stm32l0xx_hal_i2c.o(i.HAL_I2C_EnableListen_IT), (40 bytes).
    Removing stm32l0xx_hal_i2c.o(i.HAL_I2C_ErrorCallback), (2 bytes).
    Removing stm32l0xx_hal_i2c.o(i.HAL_I2C_GetError), (4 bytes).
    Removing stm32l0xx_hal_i2c.o(i.HAL_I2C_GetMode), (6 bytes).
    Removing stm32l0xx_hal_i2c.o(i.HAL_I2C_GetState), (6 bytes).
    Removing stm32l0xx_hal_i2c.o(i.HAL_I2C_Init), (180 bytes).
    Removing stm32l0xx_hal_i2c.o(i.HAL_I2C_IsDeviceReady), (288 bytes).
    Removing stm32l0xx_hal_i2c.o(i.HAL_I2C_ListenCpltCallback), (2 bytes).
    Removing stm32l0xx_hal_i2c.o(i.HAL_I2C_MasterRxCpltCallback), (2 bytes).
    Removing stm32l0xx_hal_i2c.o(i.HAL_I2C_MasterTxCpltCallback), (2 bytes).
    Removing stm32l0xx_hal_i2c.o(i.HAL_I2C_Master_Abort_IT), (92 bytes).
    Removing stm32l0xx_hal_i2c.o(i.HAL_I2C_Master_Receive), (272 bytes).
    Removing stm32l0xx_hal_i2c.o(i.HAL_I2C_Master_Receive_DMA), (280 bytes).
    Removing stm32l0xx_hal_i2c.o(i.HAL_I2C_Master_Receive_IT), (128 bytes).
    Removing stm32l0xx_hal_i2c.o(i.HAL_I2C_Master_Seq_Receive_DMA), (316 bytes).
    Removing stm32l0xx_hal_i2c.o(i.HAL_I2C_Master_Seq_Receive_IT), (156 bytes).
    Removing stm32l0xx_hal_i2c.o(i.HAL_I2C_Master_Seq_Transmit_DMA), (312 bytes).
    Removing stm32l0xx_hal_i2c.o(i.HAL_I2C_Master_Seq_Transmit_IT), (156 bytes).
    Removing stm32l0xx_hal_i2c.o(i.HAL_I2C_Master_Transmit), (272 bytes).
    Removing stm32l0xx_hal_i2c.o(i.HAL_I2C_Master_Transmit_DMA), (284 bytes).
    Removing stm32l0xx_hal_i2c.o(i.HAL_I2C_Master_Transmit_IT), (128 bytes).
    Removing stm32l0xx_hal_i2c.o(i.HAL_I2C_MemRxCpltCallback), (2 bytes).
    Removing stm32l0xx_hal_i2c.o(i.HAL_I2C_MemTxCpltCallback), (2 bytes).
    Removing stm32l0xx_hal_i2c.o(i.HAL_I2C_Mem_Read), (340 bytes).
    Removing stm32l0xx_hal_i2c.o(i.HAL_I2C_Mem_Read_DMA), (288 bytes).
    Removing stm32l0xx_hal_i2c.o(i.HAL_I2C_Mem_Read_IT), (188 bytes).
    Removing stm32l0xx_hal_i2c.o(i.HAL_I2C_Mem_Write), (332 bytes).
    Removing stm32l0xx_hal_i2c.o(i.HAL_I2C_Mem_Write_DMA), (280 bytes).
    Removing stm32l0xx_hal_i2c.o(i.HAL_I2C_Mem_Write_IT), (180 bytes).
    Removing stm32l0xx_hal_i2c.o(i.HAL_I2C_MspDeInit), (2 bytes).
    Removing stm32l0xx_hal_i2c.o(i.HAL_I2C_MspInit), (2 bytes).
    Removing stm32l0xx_hal_i2c.o(i.HAL_I2C_SlaveRxCpltCallback), (2 bytes).
    Removing stm32l0xx_hal_i2c.o(i.HAL_I2C_SlaveTxCpltCallback), (2 bytes).
    Removing stm32l0xx_hal_i2c.o(i.HAL_I2C_Slave_Receive), (276 bytes).
    Removing stm32l0xx_hal_i2c.o(i.HAL_I2C_Slave_Receive_DMA), (200 bytes).
    Removing stm32l0xx_hal_i2c.o(i.HAL_I2C_Slave_Receive_IT), (88 bytes).
    Removing stm32l0xx_hal_i2c.o(i.HAL_I2C_Slave_Seq_Receive_DMA), (360 bytes).
    Removing stm32l0xx_hal_i2c.o(i.HAL_I2C_Slave_Seq_Receive_IT), (200 bytes).
    Removing stm32l0xx_hal_i2c.o(i.HAL_I2C_Slave_Seq_Transmit_DMA), (364 bytes).
    Removing stm32l0xx_hal_i2c.o(i.HAL_I2C_Slave_Seq_Transmit_IT), (204 bytes).
    Removing stm32l0xx_hal_i2c.o(i.HAL_I2C_Slave_Transmit), (294 bytes).
    Removing stm32l0xx_hal_i2c.o(i.HAL_I2C_Slave_Transmit_DMA), (196 bytes).
    Removing stm32l0xx_hal_i2c.o(i.HAL_I2C_Slave_Transmit_IT), (88 bytes).
    Removing stm32l0xx_hal_i2c.o(i.I2C_ConvertOtherXferOptions), (28 bytes).
    Removing stm32l0xx_hal_i2c.o(i.I2C_DMAAbort), (40 bytes).
    Removing stm32l0xx_hal_i2c.o(i.I2C_DMAError), (24 bytes).
    Removing stm32l0xx_hal_i2c.o(i.I2C_DMAMasterReceiveCplt), (80 bytes).
    Removing stm32l0xx_hal_i2c.o(i.I2C_DMAMasterTransmitCplt), (80 bytes).
    Removing stm32l0xx_hal_i2c.o(i.I2C_DMASlaveReceiveCplt), (42 bytes).
    Removing stm32l0xx_hal_i2c.o(i.I2C_DMASlaveTransmitCplt), (36 bytes).
    Removing stm32l0xx_hal_i2c.o(i.I2C_Disable_IRQ), (84 bytes).
    Removing stm32l0xx_hal_i2c.o(i.I2C_Enable_IRQ), (100 bytes).
    Removing stm32l0xx_hal_i2c.o(i.I2C_Flush_TXDR), (34 bytes).
    Removing stm32l0xx_hal_i2c.o(i.I2C_ITAddrCplt), (122 bytes).
    Removing stm32l0xx_hal_i2c.o(i.I2C_ITError), (208 bytes).
    Removing stm32l0xx_hal_i2c.o(i.I2C_ITListenCplt), (100 bytes).
    Removing stm32l0xx_hal_i2c.o(i.I2C_ITMasterCplt), (164 bytes).
    Removing stm32l0xx_hal_i2c.o(i.I2C_ITMasterSeqCplt), (70 bytes).
    Removing stm32l0xx_hal_i2c.o(i.I2C_ITSlaveCplt), (244 bytes).
    Removing stm32l0xx_hal_i2c.o(i.I2C_ITSlaveSeqCplt), (74 bytes).
    Removing stm32l0xx_hal_i2c.o(i.I2C_IsAcknowledgeFailed), (112 bytes).
    Removing stm32l0xx_hal_i2c.o(i.I2C_Master_ISR_DMA), (268 bytes).
    Removing stm32l0xx_hal_i2c.o(i.I2C_Master_ISR_IT), (304 bytes).
    Removing stm32l0xx_hal_i2c.o(i.I2C_RequestMemoryRead), (96 bytes).
    Removing stm32l0xx_hal_i2c.o(i.I2C_RequestMemoryWrite), (96 bytes).
    Removing stm32l0xx_hal_i2c.o(i.I2C_Slave_ISR_DMA), (232 bytes).
    Removing stm32l0xx_hal_i2c.o(i.I2C_Slave_ISR_IT), (298 bytes).
    Removing stm32l0xx_hal_i2c.o(i.I2C_TransferConfig), (40 bytes).
    Removing stm32l0xx_hal_i2c.o(i.I2C_WaitOnFlagUntilTimeout), (78 bytes).
    Removing stm32l0xx_hal_i2c.o(i.I2C_WaitOnRXNEFlagUntilTimeout), (128 bytes).
    Removing stm32l0xx_hal_i2c.o(i.I2C_WaitOnSTOPFlagUntilTimeout), (76 bytes).
    Removing stm32l0xx_hal_i2c.o(i.I2C_WaitOnTXISFlagUntilTimeout), (80 bytes).
    Removing stm32l0xx_hal_i2c_ex.o(.rev16_text), (4 bytes).
    Removing stm32l0xx_hal_i2c_ex.o(.revsh_text), (4 bytes).
    Removing stm32l0xx_hal_i2c_ex.o(i.HAL_I2CEx_ConfigAnalogFilter), (74 bytes).
    Removing stm32l0xx_hal_i2c_ex.o(i.HAL_I2CEx_ConfigDigitalFilter), (72 bytes).
    Removing stm32l0xx_hal_i2c_ex.o(i.HAL_I2CEx_DisableWakeUp), (66 bytes).
    Removing stm32l0xx_hal_i2c_ex.o(i.HAL_I2CEx_EnableWakeUp), (66 bytes).
    Removing stm32l0xx_hal_rcc.o(.rev16_text), (4 bytes).
    Removing stm32l0xx_hal_rcc.o(.revsh_text), (4 bytes).
    Removing stm32l0xx_hal_rcc.o(i.HAL_RCC_CSSCallback), (2 bytes).
    Removing stm32l0xx_hal_rcc.o(i.HAL_RCC_DeInit), (204 bytes).
    Removing stm32l0xx_hal_rcc.o(i.HAL_RCC_EnableCSS), (20 bytes).
    Removing stm32l0xx_hal_rcc.o(i.HAL_RCC_GetClockConfig), (64 bytes).
    Removing stm32l0xx_hal_rcc.o(i.HAL_RCC_GetHCLKFreq), (12 bytes).
    Removing stm32l0xx_hal_rcc.o(i.HAL_RCC_GetOscConfig), (184 bytes).
    Removing stm32l0xx_hal_rcc.o(i.HAL_RCC_GetPCLK1Freq), (32 bytes).
    Removing stm32l0xx_hal_rcc.o(i.HAL_RCC_GetPCLK2Freq), (32 bytes).
    Removing stm32l0xx_hal_rcc.o(i.HAL_RCC_MCOConfig), (96 bytes).
    Removing stm32l0xx_hal_rcc.o(i.HAL_RCC_NMI_IRQHandler), (24 bytes).
    Removing stm32l0xx_hal_rcc_ex.o(.rev16_text), (4 bytes).
    Removing stm32l0xx_hal_rcc_ex.o(.revsh_text), (4 bytes).
    Removing stm32l0xx_hal_rcc_ex.o(i.HAL_RCCEx_DisableLSECSS), (32 bytes).
    Removing stm32l0xx_hal_rcc_ex.o(i.HAL_RCCEx_EnableLSECSS), (20 bytes).
    Removing stm32l0xx_hal_rcc_ex.o(i.HAL_RCCEx_EnableLSECSS_IT), (52 bytes).
    Removing stm32l0xx_hal_rcc_ex.o(i.HAL_RCCEx_GetPeriphCLKConfig), (84 bytes).
    Removing stm32l0xx_hal_rcc_ex.o(i.HAL_RCCEx_GetPeriphCLKFreq), (268 bytes).
    Removing stm32l0xx_hal_rcc_ex.o(i.HAL_RCCEx_LSECSS_Callback), (2 bytes).
    Removing stm32l0xx_hal_rcc_ex.o(i.HAL_RCCEx_LSECSS_IRQHandler), (24 bytes).
    Removing stm32l0xx_hal_flash_ramfunc.o(.rev16_text), (4 bytes).
    Removing stm32l0xx_hal_flash_ramfunc.o(.revsh_text), (4 bytes).
    Removing stm32l0xx_hal_flash_ramfunc.o(i.FLASHRAM_SetErrorCode), (144 bytes).
    Removing stm32l0xx_hal_flash_ramfunc.o(i.FLASHRAM_WaitForLastOperation), (96 bytes).
    Removing stm32l0xx_hal_flash_ramfunc.o(i.HAL_FLASHEx_DisableRunPowerDown), (36 bytes).
    Removing stm32l0xx_hal_flash_ramfunc.o(i.HAL_FLASHEx_EnableRunPowerDown), (36 bytes).
    Removing stm32l0xx_hal_flash_ramfunc.o(i.HAL_FLASHEx_GetError), (16 bytes).
    Removing stm32l0xx_hal_flash_ramfunc.o(i.HAL_FLASHEx_HalfPageProgram), (84 bytes).
    Removing stm32l0xx_hal_flash.o(.rev16_text), (4 bytes).
    Removing stm32l0xx_hal_flash.o(.revsh_text), (4 bytes).
    Removing stm32l0xx_hal_flash.o(i.HAL_FLASH_EndOfOperationCallback), (2 bytes).
    Removing stm32l0xx_hal_flash.o(i.HAL_FLASH_GetError), (12 bytes).
    Removing stm32l0xx_hal_flash.o(i.HAL_FLASH_IRQHandler), (220 bytes).
    Removing stm32l0xx_hal_flash.o(i.HAL_FLASH_Lock), (28 bytes).
    Removing stm32l0xx_hal_flash.o(i.HAL_FLASH_OB_Launch), (32 bytes).
    Removing stm32l0xx_hal_flash.o(i.HAL_FLASH_OB_Lock), (20 bytes).
    Removing stm32l0xx_hal_flash.o(i.HAL_FLASH_OB_Unlock), (68 bytes).
    Removing stm32l0xx_hal_flash.o(i.HAL_FLASH_OperationErrorCallback), (2 bytes).
    Removing stm32l0xx_hal_flash.o(i.HAL_FLASH_Program), (60 bytes).
    Removing stm32l0xx_hal_flash.o(i.HAL_FLASH_Program_IT), (60 bytes).
    Removing stm32l0xx_hal_flash.o(i.HAL_FLASH_Unlock), (92 bytes).
    Removing stm32l0xx_hal_flash_ex.o(.rev16_text), (4 bytes).
    Removing stm32l0xx_hal_flash_ex.o(.revsh_text), (4 bytes).
    Removing stm32l0xx_hal_flash_ex.o(i.FLASH_OB_ProtectedSectorsConfig), (80 bytes).
    Removing stm32l0xx_hal_flash_ex.o(i.FLASH_PageErase), (44 bytes).
    Removing stm32l0xx_hal_flash_ex.o(i.HAL_FLASHEx_AdvOBGetConfig), (24 bytes).
    Removing stm32l0xx_hal_flash_ex.o(i.HAL_FLASHEx_AdvOBProgram), (24 bytes).
    Removing stm32l0xx_hal_flash_ex.o(i.HAL_FLASHEx_DATAEEPROM_DisableFixedTimeProgram), (16 bytes).
    Removing stm32l0xx_hal_flash_ex.o(i.HAL_FLASHEx_DATAEEPROM_EnableFixedTimeProgram), (16 bytes).
    Removing stm32l0xx_hal_flash_ex.o(i.HAL_FLASHEx_DATAEEPROM_Erase), (40 bytes).
    Removing stm32l0xx_hal_flash_ex.o(i.HAL_FLASHEx_Erase), (120 bytes).
    Removing stm32l0xx_hal_flash_ex.o(i.HAL_FLASHEx_Erase_IT), (92 bytes).
    Removing stm32l0xx_hal_flash_ex.o(i.HAL_FLASHEx_OBGetConfig), (56 bytes).
    Removing stm32l0xx_hal_flash_ex.o(i.HAL_FLASHEx_OBProgram), (292 bytes).
    Removing stm32l0xx_hal_flash_ex.o(i.HAL_FLASHEx_OB_DeSelectPCROP), (52 bytes).
    Removing stm32l0xx_hal_flash_ex.o(i.HAL_FLASHEx_OB_SelectPCROP), (56 bytes).
    Removing stm32l0xx_hal_gpio.o(.rev16_text), (4 bytes).
    Removing stm32l0xx_hal_gpio.o(.revsh_text), (4 bytes).
    Removing stm32l0xx_hal_gpio.o(i.HAL_GPIO_DeInit), (212 bytes).
    Removing stm32l0xx_hal_gpio.o(i.HAL_GPIO_EXTI_Callback), (2 bytes).
    Removing stm32l0xx_hal_gpio.o(i.HAL_GPIO_EXTI_IRQHandler), (24 bytes).
    Removing stm32l0xx_hal_gpio.o(i.HAL_GPIO_Init), (360 bytes).
    Removing stm32l0xx_hal_gpio.o(i.HAL_GPIO_LockPin), (36 bytes).
    Removing stm32l0xx_hal_gpio.o(i.HAL_GPIO_ReadPin), (10 bytes).
    Removing stm32l0xx_hal_gpio.o(i.HAL_GPIO_TogglePin), (8 bytes).
    Removing stm32l0xx_hal_gpio.o(i.HAL_GPIO_WritePin), (12 bytes).
    Removing stm32l0xx_hal_dma.o(.rev16_text), (4 bytes).
    Removing stm32l0xx_hal_dma.o(.revsh_text), (4 bytes).
    Removing stm32l0xx_hal_dma.o(i.DMA_SetConfig), (44 bytes).
    Removing stm32l0xx_hal_dma.o(i.HAL_DMA_Abort), (68 bytes).
    Removing stm32l0xx_hal_dma.o(i.HAL_DMA_Abort_IT), (76 bytes).
    Removing stm32l0xx_hal_dma.o(i.HAL_DMA_DeInit), (104 bytes).
    Removing stm32l0xx_hal_dma.o(i.HAL_DMA_GetError), (4 bytes).
    Removing stm32l0xx_hal_dma.o(i.HAL_DMA_GetState), (6 bytes).
    Removing stm32l0xx_hal_dma.o(i.HAL_DMA_IRQHandler), (168 bytes).
    Removing stm32l0xx_hal_dma.o(i.HAL_DMA_Init), (144 bytes).
    Removing stm32l0xx_hal_dma.o(i.HAL_DMA_PollForTransfer), (190 bytes).
    Removing stm32l0xx_hal_dma.o(i.HAL_DMA_RegisterCallback), (72 bytes).
    Removing stm32l0xx_hal_dma.o(i.HAL_DMA_Start), (74 bytes).
    Removing stm32l0xx_hal_dma.o(i.HAL_DMA_Start_IT), (104 bytes).
    Removing stm32l0xx_hal_dma.o(i.HAL_DMA_UnRegisterCallback), (78 bytes).
    Removing stm32l0xx_hal_pwr.o(.rev16_text), (4 bytes).
    Removing stm32l0xx_hal_pwr.o(.revsh_text), (4 bytes).
    Removing stm32l0xx_hal_pwr.o(i.HAL_PWR_DeInit), (24 bytes).
    Removing stm32l0xx_hal_pwr.o(i.HAL_PWR_DisableBkUpAccess), (16 bytes).
    Removing stm32l0xx_hal_pwr.o(i.HAL_PWR_DisableSEVOnPend), (16 bytes).
    Removing stm32l0xx_hal_pwr.o(i.HAL_PWR_DisableSleepOnExit), (16 bytes).
    Removing stm32l0xx_hal_pwr.o(i.HAL_PWR_DisableWakeUpPin), (16 bytes).
    Removing stm32l0xx_hal_pwr.o(i.HAL_PWR_EnableSEVOnPend), (16 bytes).
    Removing stm32l0xx_hal_pwr.o(i.HAL_PWR_EnableSleepOnExit), (16 bytes).
    Removing stm32l0xx_hal_pwr.o(i.HAL_PWR_EnableWakeUpPin), (16 bytes).
    Removing stm32l0xx_hal_pwr.o(i.HAL_PWR_EnterSLEEPMode), (48 bytes).
    Removing stm32l0xx_hal_pwr.o(i.HAL_PWR_EnterSTANDBYMode), (32 bytes).
    Removing stm32l0xx_hal_pwr_ex.o(.rev16_text), (4 bytes).
    Removing stm32l0xx_hal_pwr_ex.o(.revsh_text), (4 bytes).
    Removing stm32l0xx_hal_pwr_ex.o(i.HAL_PWREx_DisableFastWakeUp), (16 bytes).
    Removing stm32l0xx_hal_pwr_ex.o(i.HAL_PWREx_DisableLowPowerRunMode), (76 bytes).
    Removing stm32l0xx_hal_pwr_ex.o(i.HAL_PWREx_DisableUltraLowPower), (16 bytes).
    Removing stm32l0xx_hal_pwr_ex.o(i.HAL_PWREx_EnableLowPowerRunMode), (24 bytes).
    Removing stm32l0xx_hal_pwr_ex.o(i.HAL_PWREx_GetVoltageRange), (16 bytes).
    Removing stm32l0xx_hal_cortex.o(.rev16_text), (4 bytes).
    Removing stm32l0xx_hal_cortex.o(.revsh_text), (4 bytes).
    Removing stm32l0xx_hal_cortex.o(i.HAL_NVIC_ClearPendingIRQ), (20 bytes).
    Removing stm32l0xx_hal_cortex.o(i.HAL_NVIC_DisableIRQ), (20 bytes).
    Removing stm32l0xx_hal_cortex.o(i.HAL_NVIC_GetPendingIRQ), (28 bytes).
    Removing stm32l0xx_hal_cortex.o(i.HAL_NVIC_GetPriority), (52 bytes).
    Removing stm32l0xx_hal_cortex.o(i.HAL_NVIC_SetPendingIRQ), (20 bytes).
    Removing stm32l0xx_hal_cortex.o(i.HAL_NVIC_SystemReset), (28 bytes).
    Removing stm32l0xx_hal_cortex.o(i.HAL_SYSTICK_CLKSourceConfig), (24 bytes).
    Removing stm32l0xx_hal_cortex.o(i.HAL_SYSTICK_Callback), (2 bytes).
    Removing stm32l0xx_hal_cortex.o(i.HAL_SYSTICK_IRQHandler), (8 bytes).
    Removing stm32l0xx_ll_rcc.o(.rev16_text), (4 bytes).
    Removing stm32l0xx_ll_rcc.o(.revsh_text), (4 bytes).
    Removing stm32l0xx_ll_rcc.o(i.LL_RCC_DeInit), (144 bytes).
    Removing stm32l0xx_ll_rcc.o(i.LL_RCC_GetI2CClockFreq), (100 bytes).
    Removing stm32l0xx_ll_rcc.o(i.LL_RCC_GetLPTIMClockFreq), (116 bytes).
    Removing stm32l0xx_ll_rcc.o(i.LL_RCC_GetSystemClocksFreq), (32 bytes).
    Removing stm32l0xx_ll_rcc.o(i.LL_RCC_GetUSARTClockFreq), (112 bytes).
    Removing stm32l0xx_ll_rcc.o(i.RCC_GetPCLK2ClockFreq), (24 bytes).
    Removing stm32l0xx_ll_utils.o(.rev16_text), (4 bytes).
    Removing stm32l0xx_ll_utils.o(.revsh_text), (4 bytes).
    Removing stm32l0xx_ll_utils.o(i.LL_Init1msTick), (32 bytes).
    Removing stm32l0xx_ll_utils.o(i.LL_PLL_ConfigSystemClock_HSE), (100 bytes).
    Removing stm32l0xx_ll_utils.o(i.LL_PLL_ConfigSystemClock_HSI), (80 bytes).
    Removing stm32l0xx_ll_utils.o(i.LL_RCC_PLL_ConfigDomain_SYS), (28 bytes).
    Removing stm32l0xx_ll_utils.o(i.LL_SetSystemCoreClock), (12 bytes).
    Removing stm32l0xx_ll_utils.o(i.UTILS_EnablePLLAndSwitchSystem), (148 bytes).
    Removing stm32l0xx_ll_utils.o(i.UTILS_GetPLLOutputFrequency), (28 bytes).
    Removing stm32l0xx_ll_utils.o(i.UTILS_PLL_IsBusy), (20 bytes).
    Removing stm32l0xx_ll_utils.o(i.UTILS_SetFlashLatency), (104 bytes).
    Removing stm32l0xx_ll_exti.o(.rev16_text), (4 bytes).
    Removing stm32l0xx_ll_exti.o(.revsh_text), (4 bytes).
    Removing stm32l0xx_ll_exti.o(i.LL_EXTI_DeInit), (36 bytes).
    Removing stm32l0xx_ll_exti.o(i.LL_EXTI_StructInit), (14 bytes).
    Removing stm32l0xx_ll_lptim.o(.rev16_text), (4 bytes).
    Removing stm32l0xx_ll_lptim.o(.revsh_text), (4 bytes).
    Removing stm32l0xx_ll_lptim.o(i.LL_LPTIM_DeInit), (44 bytes).
    Removing stm32l0xx_ll_lptim.o(i.LL_LPTIM_Disable), (192 bytes).
    Removing stm32l0xx_ll_lptim.o(i.LL_LPTIM_Init), (48 bytes).
    Removing stm32l0xx_ll_lptim.o(i.LL_LPTIM_StructInit), (12 bytes).
    Removing stm32l0xx_ll_lptim.o(i.LL_RCC_SetLPTIMClockSource), (20 bytes).
    Removing stm32l0xx_ll_lpuart.o(.rev16_text), (4 bytes).
    Removing stm32l0xx_ll_lpuart.o(.revsh_text), (4 bytes).
    Removing stm32l0xx_ll_lpuart.o(i.LL_LPUART_StructInit), (22 bytes).
    Removing stm32l0xx_ll_dma.o(.rev16_text), (4 bytes).
    Removing stm32l0xx_ll_dma.o(.revsh_text), (4 bytes).
    Removing stm32l0xx_ll_dma.o(i.LL_DMA_DeInit), (220 bytes).
    Removing stm32l0xx_ll_dma.o(i.LL_DMA_Init), (100 bytes).
    Removing stm32l0xx_ll_dma.o(i.LL_DMA_SetPeriphRequest), (24 bytes).
    Removing stm32l0xx_ll_dma.o(i.LL_DMA_StructInit), (26 bytes).
    Removing stm32l0xx_ll_dma.o(.constdata), (7 bytes).
    Removing stm32l0xx_hal_rtc.o(.rev16_text), (4 bytes).
    Removing stm32l0xx_hal_rtc.o(.revsh_text), (4 bytes).
    Removing stm32l0xx_hal_rtc.o(i.HAL_RTC_AlarmAEventCallback), (2 bytes).
    Removing stm32l0xx_hal_rtc.o(i.HAL_RTC_AlarmIRQHandler), (96 bytes).
    Removing stm32l0xx_hal_rtc.o(i.HAL_RTC_DeInit), (212 bytes).
    Removing stm32l0xx_hal_rtc.o(i.HAL_RTC_DeactivateAlarm), (184 bytes).
    Removing stm32l0xx_hal_rtc.o(i.HAL_RTC_GetAlarm), (140 bytes).
    Removing stm32l0xx_hal_rtc.o(i.HAL_RTC_GetDate), (68 bytes).
    Removing stm32l0xx_hal_rtc.o(i.HAL_RTC_GetState), (6 bytes).
    Removing stm32l0xx_hal_rtc.o(i.HAL_RTC_GetTime), (92 bytes).
    Removing stm32l0xx_hal_rtc.o(i.HAL_RTC_MspDeInit), (2 bytes).
    Removing stm32l0xx_hal_rtc.o(i.HAL_RTC_MspInit), (2 bytes).
    Removing stm32l0xx_hal_rtc.o(i.HAL_RTC_PollForAlarmAEvent), (72 bytes).
    Removing stm32l0xx_hal_rtc.o(i.HAL_RTC_SetAlarm), (348 bytes).
    Removing stm32l0xx_hal_rtc.o(i.HAL_RTC_SetAlarm_IT), (400 bytes).
    Removing stm32l0xx_hal_rtc.o(i.HAL_RTC_SetDate), (196 bytes).
    Removing stm32l0xx_hal_rtc.o(i.HAL_RTC_SetTime), (232 bytes).
    Removing stm32l0xx_hal_rtc.o(i.RTC_Bcd2ToByte), (16 bytes).
    Removing stm32l0xx_hal_rtc.o(i.RTC_ByteToBcd2), (24 bytes).
    Removing stm32l0xx_hal_rtc_ex.o(.rev16_text), (4 bytes).
    Removing stm32l0xx_hal_rtc_ex.o(.revsh_text), (4 bytes).
    Removing stm32l0xx_hal_rtc_ex.o(i.HAL_RTCEx_AlarmBEventCallback), (2 bytes).
    Removing stm32l0xx_hal_rtc_ex.o(i.HAL_RTCEx_BKUPRead), (12 bytes).
    Removing stm32l0xx_hal_rtc_ex.o(i.HAL_RTCEx_BKUPWrite), (12 bytes).
    Removing stm32l0xx_hal_rtc_ex.o(i.HAL_RTCEx_DeactivateCalibrationOutPut), (60 bytes).
    Removing stm32l0xx_hal_rtc_ex.o(i.HAL_RTCEx_DeactivateRefClock), (98 bytes).
    Removing stm32l0xx_hal_rtc_ex.o(i.HAL_RTCEx_DeactivateTamper), (96 bytes).
    Removing stm32l0xx_hal_rtc_ex.o(i.HAL_RTCEx_DeactivateTimeStamp), (76 bytes).
    Removing stm32l0xx_hal_rtc_ex.o(i.HAL_RTCEx_DisableBypassShadow), (60 bytes).
    Removing stm32l0xx_hal_rtc_ex.o(i.HAL_RTCEx_EnableBypassShadow), (60 bytes).
    Removing stm32l0xx_hal_rtc_ex.o(i.HAL_RTCEx_GetTimeStamp), (160 bytes).
    Removing stm32l0xx_hal_rtc_ex.o(i.HAL_RTCEx_GetWakeUpTimer), (8 bytes).
    Removing stm32l0xx_hal_rtc_ex.o(i.HAL_RTCEx_PollForAlarmBEvent), (76 bytes).
    Removing stm32l0xx_hal_rtc_ex.o(i.HAL_RTCEx_PollForTamper1Event), (76 bytes).
    Removing stm32l0xx_hal_rtc_ex.o(i.HAL_RTCEx_PollForTamper2Event), (76 bytes).
    Removing stm32l0xx_hal_rtc_ex.o(i.HAL_RTCEx_PollForTamper3Event), (76 bytes).
    Removing stm32l0xx_hal_rtc_ex.o(i.HAL_RTCEx_PollForTimeStampEvent), (88 bytes).
    Removing stm32l0xx_hal_rtc_ex.o(i.HAL_RTCEx_PollForWakeUpTimerEvent), (76 bytes).
    Removing stm32l0xx_hal_rtc_ex.o(i.HAL_RTCEx_SetCalibrationOutPut), (78 bytes).
    Removing stm32l0xx_hal_rtc_ex.o(i.HAL_RTCEx_SetRefClock), (98 bytes).
    Removing stm32l0xx_hal_rtc_ex.o(i.HAL_RTCEx_SetSmoothCalib), (126 bytes).
    Removing stm32l0xx_hal_rtc_ex.o(i.HAL_RTCEx_SetSynchroShift), (152 bytes).
    Removing stm32l0xx_hal_rtc_ex.o(i.HAL_RTCEx_SetTamper), (208 bytes).
    Removing stm32l0xx_hal_rtc_ex.o(i.HAL_RTCEx_SetTamper_IT), (232 bytes).
    Removing stm32l0xx_hal_rtc_ex.o(i.HAL_RTCEx_SetTimeStamp), (108 bytes).
    Removing stm32l0xx_hal_rtc_ex.o(i.HAL_RTCEx_SetTimeStamp_IT), (140 bytes).
    Removing stm32l0xx_hal_rtc_ex.o(i.HAL_RTCEx_SetWakeUpTimer), (196 bytes).
    Removing stm32l0xx_hal_rtc_ex.o(i.HAL_RTCEx_Tamper1EventCallback), (2 bytes).
    Removing stm32l0xx_hal_rtc_ex.o(i.HAL_RTCEx_Tamper2EventCallback), (2 bytes).
    Removing stm32l0xx_hal_rtc_ex.o(i.HAL_RTCEx_Tamper3EventCallback), (2 bytes).
    Removing stm32l0xx_hal_rtc_ex.o(i.HAL_RTCEx_TamperTimeStampIRQHandler), (192 bytes).
    Removing stm32l0xx_hal_rtc_ex.o(i.HAL_RTCEx_TimeStampEventCallback), (2 bytes).
    Removing stm32l0xx_hal_rtc_ex.o(i.HAL_RTCEx_WakeUpTimerEventCallback), (2 bytes).
    Removing stm32l0xx_ll_spi.o(.rev16_text), (4 bytes).
    Removing stm32l0xx_ll_spi.o(.revsh_text), (4 bytes).
    Removing stm32l0xx_ll_spi.o(i.LL_SPI_StructInit), (26 bytes).
    Removing stm32l0xx_hal_tim.o(.rev16_text), (4 bytes).
    Removing stm32l0xx_hal_tim.o(.revsh_text), (4 bytes).
    Removing stm32l0xx_hal_tim_ex.o(.rev16_text), (4 bytes).
    Removing stm32l0xx_hal_tim_ex.o(.revsh_text), (4 bytes).
    Removing dadd.o(.text), (356 bytes).
    Removing dmul.o(.text), (208 bytes).
    Removing ddiv.o(.text), (240 bytes).
    Removing dfixul.o(.text), (64 bytes).
    Removing cdrcmple.o(.text), (40 bytes).
    Removing depilogue.o(.text), (190 bytes).
    Removing depilogue.o(i.__ARM_clz), (46 bytes).

369 unused section(s) (total 25687 bytes) removed from the image.

==============================================================================

Image Symbol Table

    Local Symbols

    Symbol Name                              Value     Ov Type        Size  Object(Section)

    ../Drivers/STM32L0xx_HAL_Driver/Src/stm32l0xx_hal.c 0x00000000   Number         0  stm32l0xx_hal.o ABSOLUTE
    ../Drivers/STM32L0xx_HAL_Driver/Src/stm32l0xx_hal_cortex.c 0x00000000   Number         0  stm32l0xx_hal_cortex.o ABSOLUTE
    ../Drivers/STM32L0xx_HAL_Driver/Src/stm32l0xx_hal_dma.c 0x00000000   Number         0  stm32l0xx_hal_dma.o ABSOLUTE
    ../Drivers/STM32L0xx_HAL_Driver/Src/stm32l0xx_hal_flash.c 0x00000000   Number         0  stm32l0xx_hal_flash.o ABSOLUTE
    ../Drivers/STM32L0xx_HAL_Driver/Src/stm32l0xx_hal_flash_ramfunc.c 0x00000000   Number         0  stm32l0xx_hal_flash_ramfunc.o ABSOLUTE
    ../Drivers/STM32L0xx_HAL_Driver/Src/stm32l0xx_hal_gpio.c 0x00000000   Number         0  stm32l0xx_hal_gpio.o ABSOLUTE
    ../Drivers/STM32L0xx_HAL_Driver/Src/stm32l0xx_hal_i2c.c 0x00000000   Number         0  stm32l0xx_hal_i2c.o ABSOLUTE
    ../Drivers/STM32L0xx_HAL_Driver/Src/stm32l0xx_hal_i2c_ex.c 0x00000000   Number         0  stm32l0xx_hal_i2c_ex.o ABSOLUTE
    ../Drivers/STM32L0xx_HAL_Driver/Src/stm32l0xx_hal_pwr.c 0x00000000   Number         0  stm32l0xx_hal_pwr.o ABSOLUTE
    ../Drivers/STM32L0xx_HAL_Driver/Src/stm32l0xx_hal_pwr_ex.c 0x00000000   Number         0  stm32l0xx_hal_pwr_ex.o ABSOLUTE
    ../Drivers/STM32L0xx_HAL_Driver/Src/stm32l0xx_hal_rcc.c 0x00000000   Number         0  stm32l0xx_hal_rcc.o ABSOLUTE
    ../Drivers/STM32L0xx_HAL_Driver/Src/stm32l0xx_hal_rcc_ex.c 0x00000000   Number         0  stm32l0xx_hal_rcc_ex.o ABSOLUTE
    ../Drivers/STM32L0xx_HAL_Driver/Src/stm32l0xx_hal_rtc.c 0x00000000   Number         0  stm32l0xx_hal_rtc.o ABSOLUTE
    ../Drivers/STM32L0xx_HAL_Driver/Src/stm32l0xx_hal_rtc_ex.c 0x00000000   Number         0  stm32l0xx_hal_rtc_ex.o ABSOLUTE
    ../Drivers/STM32L0xx_HAL_Driver/Src/stm32l0xx_hal_tim.c 0x00000000   Number         0  stm32l0xx_hal_tim.o ABSOLUTE
    ../Drivers/STM32L0xx_HAL_Driver/Src/stm32l0xx_hal_tim_ex.c 0x00000000   Number         0  stm32l0xx_hal_tim_ex.o ABSOLUTE
    ../Drivers/STM32L0xx_HAL_Driver/Src/stm32l0xx_ll_dma.c 0x00000000   Number         0  stm32l0xx_ll_dma.o ABSOLUTE
    ../Drivers/STM32L0xx_HAL_Driver/Src/stm32l0xx_ll_exti.c 0x00000000   Number         0  stm32l0xx_ll_exti.o ABSOLUTE
    ../Drivers/STM32L0xx_HAL_Driver/Src/stm32l0xx_ll_gpio.c 0x00000000   Number         0  stm32l0xx_ll_gpio.o ABSOLUTE
    ../Drivers/STM32L0xx_HAL_Driver/Src/stm32l0xx_ll_lptim.c 0x00000000   Number         0  stm32l0xx_ll_lptim.o ABSOLUTE
    ../Drivers/STM32L0xx_HAL_Driver/Src/stm32l0xx_ll_lpuart.c 0x00000000   Number         0  stm32l0xx_ll_lpuart.o ABSOLUTE
    ../Drivers/STM32L0xx_HAL_Driver/Src/stm32l0xx_ll_rcc.c 0x00000000   Number         0  stm32l0xx_ll_rcc.o ABSOLUTE
    ../Drivers/STM32L0xx_HAL_Driver/Src/stm32l0xx_ll_spi.c 0x00000000   Number         0  stm32l0xx_ll_spi.o ABSOLUTE
    ../Drivers/STM32L0xx_HAL_Driver/Src/stm32l0xx_ll_utils.c 0x00000000   Number         0  stm32l0xx_ll_utils.o ABSOLUTE
    ../Src/gpio.c                            0x00000000   Number         0  gpio.o ABSOLUTE
    ../Src/iwdg.c                            0x00000000   Number         0  iwdg.o ABSOLUTE
    ../Src/lptim.c                           0x00000000   Number         0  lptim.o ABSOLUTE
    ../Src/main.c                            0x00000000   Number         0  main.o ABSOLUTE
    ../Src/rtc.c                             0x00000000   Number         0  rtc.o ABSOLUTE
    ../Src/spi.c                             0x00000000   Number         0  spi.o ABSOLUTE
    ../Src/stm32l0xx_hal_msp.c               0x00000000   Number         0  stm32l0xx_hal_msp.o ABSOLUTE
    ../Src/stm32l0xx_it.c                    0x00000000   Number         0  stm32l0xx_it.o ABSOLUTE
    ../Src/sys.c                             0x00000000   Number         0  sys.o ABSOLUTE
    ../Src/system_stm32l0xx.c                0x00000000   Number         0  system_stm32l0xx.o ABSOLUTE
    ../Src/usart.c                           0x00000000   Number         0  usart.o ABSOLUTE
    ../clib/microlib/division.c              0x00000000   Number         0  uldiv.o ABSOLUTE
    ../clib/microlib/division.c              0x00000000   Number         0  uidiv.o ABSOLUTE
    ../clib/microlib/init/entry.s            0x00000000   Number         0  entry2.o ABSOLUTE
    ../clib/microlib/init/entry.s            0x00000000   Number         0  entry11a.o ABSOLUTE
    ../clib/microlib/init/entry.s            0x00000000   Number         0  entry10b.o ABSOLUTE
    ../clib/microlib/init/entry.s            0x00000000   Number         0  entry10a.o ABSOLUTE
    ../clib/microlib/init/entry.s            0x00000000   Number         0  entry9b.o ABSOLUTE
    ../clib/microlib/init/entry.s            0x00000000   Number         0  entry.o ABSOLUTE
    ../clib/microlib/init/entry.s            0x00000000   Number         0  entry9a.o ABSOLUTE
    ../clib/microlib/init/entry.s            0x00000000   Number         0  entry8b.o ABSOLUTE
    ../clib/microlib/init/entry.s            0x00000000   Number         0  entry8a.o ABSOLUTE
    ../clib/microlib/init/entry.s            0x00000000   Number         0  entry7b.o ABSOLUTE
    ../clib/microlib/init/entry.s            0x00000000   Number         0  entry7a.o ABSOLUTE
    ../clib/microlib/init/entry.s            0x00000000   Number         0  entry11b.o ABSOLUTE
    ../clib/microlib/init/entry.s            0x00000000   Number         0  entry5.o ABSOLUTE
    ../clib/microlib/longlong.c              0x00000000   Number         0  llushr.o ABSOLUTE
    ../clib/microlib/longlong.c              0x00000000   Number         0  llsshr.o ABSOLUTE
    ../clib/microlib/longlong.c              0x00000000   Number         0  llshl.o ABSOLUTE
    ../clib/microlib/printf/printf.c         0x00000000   Number         0  printf3.o ABSOLUTE
    ../clib/microlib/printf/printf.c         0x00000000   Number         0  printf4.o ABSOLUTE
    ../clib/microlib/printf/printf.c         0x00000000   Number         0  printf6.o ABSOLUTE
    ../clib/microlib/printf/printf.c         0x00000000   Number         0  printf2.o ABSOLUTE
    ../clib/microlib/printf/printf.c         0x00000000   Number         0  printf1.o ABSOLUTE
    ../clib/microlib/printf/printf.c         0x00000000   Number         0  printf0.o ABSOLUTE
    ../clib/microlib/printf/printf.c         0x00000000   Number         0  printfb.o ABSOLUTE
    ../clib/microlib/printf/printf.c         0x00000000   Number         0  printf7.o ABSOLUTE
    ../clib/microlib/printf/printf.c         0x00000000   Number         0  printf5.o ABSOLUTE
    ../clib/microlib/printf/printf.c         0x00000000   Number         0  printf8.o ABSOLUTE
    ../clib/microlib/printf/printf.c         0x00000000   Number         0  printfa.o ABSOLUTE
    ../clib/microlib/printf/stubs.s          0x00000000   Number         0  stubs.o ABSOLUTE
    ../clib/microlib/stdio/streams.c         0x00000000   Number         0  stdout.o ABSOLUTE
    ../clib/microlib/string/memset.c         0x00000000   Number         0  memseta.o ABSOLUTE
    ../clib/microlib/stubs.s                 0x00000000   Number         0  iusefp.o ABSOLUTE
    ../fplib/microlib/fpadd.c                0x00000000   Number         0  dadd.o ABSOLUTE
    ../fplib/microlib/fpdiv.c                0x00000000   Number         0  ddiv.o ABSOLUTE
    ../fplib/microlib/fpepilogue.c           0x00000000   Number         0  depilogue.o ABSOLUTE
    ../fplib/microlib/fpfix.c                0x00000000   Number         0  dfixul.o ABSOLUTE
    ../fplib/microlib/fpmul.c                0x00000000   Number         0  dmul.o ABSOLUTE
    ..\Drivers\STM32L0xx_HAL_Driver\Src\stm32l0xx_hal.c 0x00000000   Number         0  stm32l0xx_hal.o ABSOLUTE
    ..\Drivers\STM32L0xx_HAL_Driver\Src\stm32l0xx_hal_cortex.c 0x00000000   Number         0  stm32l0xx_hal_cortex.o ABSOLUTE
    ..\Drivers\STM32L0xx_HAL_Driver\Src\stm32l0xx_hal_dma.c 0x00000000   Number         0  stm32l0xx_hal_dma.o ABSOLUTE
    ..\Drivers\STM32L0xx_HAL_Driver\Src\stm32l0xx_hal_flash.c 0x00000000   Number         0  stm32l0xx_hal_flash.o ABSOLUTE
    ..\Drivers\STM32L0xx_HAL_Driver\Src\stm32l0xx_hal_flash_ex.c 0x00000000   Number         0  stm32l0xx_hal_flash_ex.o ABSOLUTE
    ..\Drivers\STM32L0xx_HAL_Driver\Src\stm32l0xx_hal_flash_ramfunc.c 0x00000000   Number         0  stm32l0xx_hal_flash_ramfunc.o ABSOLUTE
    ..\Drivers\STM32L0xx_HAL_Driver\Src\stm32l0xx_hal_gpio.c 0x00000000   Number         0  stm32l0xx_hal_gpio.o ABSOLUTE
    ..\Drivers\STM32L0xx_HAL_Driver\Src\stm32l0xx_hal_i2c.c 0x00000000   Number         0  stm32l0xx_hal_i2c.o ABSOLUTE
    ..\Drivers\STM32L0xx_HAL_Driver\Src\stm32l0xx_hal_i2c_ex.c 0x00000000   Number         0  stm32l0xx_hal_i2c_ex.o ABSOLUTE
    ..\Drivers\STM32L0xx_HAL_Driver\Src\stm32l0xx_hal_pwr.c 0x00000000   Number         0  stm32l0xx_hal_pwr.o ABSOLUTE
    ..\Drivers\STM32L0xx_HAL_Driver\Src\stm32l0xx_hal_pwr_ex.c 0x00000000   Number         0  stm32l0xx_hal_pwr_ex.o ABSOLUTE
    ..\Drivers\STM32L0xx_HAL_Driver\Src\stm32l0xx_hal_rcc.c 0x00000000   Number         0  stm32l0xx_hal_rcc.o ABSOLUTE
    ..\Drivers\STM32L0xx_HAL_Driver\Src\stm32l0xx_hal_rcc_ex.c 0x00000000   Number         0  stm32l0xx_hal_rcc_ex.o ABSOLUTE
    ..\Drivers\STM32L0xx_HAL_Driver\Src\stm32l0xx_hal_rtc.c 0x00000000   Number         0  stm32l0xx_hal_rtc.o ABSOLUTE
    ..\Drivers\STM32L0xx_HAL_Driver\Src\stm32l0xx_hal_rtc_ex.c 0x00000000   Number         0  stm32l0xx_hal_rtc_ex.o ABSOLUTE
    ..\Drivers\STM32L0xx_HAL_Driver\Src\stm32l0xx_hal_tim.c 0x00000000   Number         0  stm32l0xx_hal_tim.o ABSOLUTE
    ..\Drivers\STM32L0xx_HAL_Driver\Src\stm32l0xx_hal_tim_ex.c 0x00000000   Number         0  stm32l0xx_hal_tim_ex.o ABSOLUTE
    ..\Drivers\STM32L0xx_HAL_Driver\Src\stm32l0xx_ll_dma.c 0x00000000   Number         0  stm32l0xx_ll_dma.o ABSOLUTE
    ..\Drivers\STM32L0xx_HAL_Driver\Src\stm32l0xx_ll_exti.c 0x00000000   Number         0  stm32l0xx_ll_exti.o ABSOLUTE
    ..\Drivers\STM32L0xx_HAL_Driver\Src\stm32l0xx_ll_gpio.c 0x00000000   Number         0  stm32l0xx_ll_gpio.o ABSOLUTE
    ..\Drivers\STM32L0xx_HAL_Driver\Src\stm32l0xx_ll_lptim.c 0x00000000   Number         0  stm32l0xx_ll_lptim.o ABSOLUTE
    ..\Drivers\STM32L0xx_HAL_Driver\Src\stm32l0xx_ll_lpuart.c 0x00000000   Number         0  stm32l0xx_ll_lpuart.o ABSOLUTE
    ..\Drivers\STM32L0xx_HAL_Driver\Src\stm32l0xx_ll_rcc.c 0x00000000   Number         0  stm32l0xx_ll_rcc.o ABSOLUTE
    ..\Drivers\STM32L0xx_HAL_Driver\Src\stm32l0xx_ll_spi.c 0x00000000   Number         0  stm32l0xx_ll_spi.o ABSOLUTE
    ..\Drivers\STM32L0xx_HAL_Driver\Src\stm32l0xx_ll_utils.c 0x00000000   Number         0  stm32l0xx_ll_utils.o ABSOLUTE
    ..\Src\gpio.c                            0x00000000   Number         0  gpio.o ABSOLUTE
    ..\Src\iwdg.c                            0x00000000   Number         0  iwdg.o ABSOLUTE
    ..\Src\lptim.c                           0x00000000   Number         0  lptim.o ABSOLUTE
    ..\Src\main.c                            0x00000000   Number         0  main.o ABSOLUTE
    ..\Src\rtc.c                             0x00000000   Number         0  rtc.o ABSOLUTE
    ..\Src\spi.c                             0x00000000   Number         0  spi.o ABSOLUTE
    ..\Src\stm32l0xx_hal_msp.c               0x00000000   Number         0  stm32l0xx_hal_msp.o ABSOLUTE
    ..\Src\stm32l0xx_it.c                    0x00000000   Number         0  stm32l0xx_it.o ABSOLUTE
    ..\Src\sys.c                             0x00000000   Number         0  sys.o ABSOLUTE
    ..\Src\system_stm32l0xx.c                0x00000000   Number         0  system_stm32l0xx.o ABSOLUTE
    ..\Src\usart.c                           0x00000000   Number         0  usart.o ABSOLUTE
    ..\\Drivers\\STM32L0xx_HAL_Driver\\Src\\stm32l0xx_hal_flash_ex.c 0x00000000   Number         0  stm32l0xx_hal_flash_ex.o ABSOLUTE
    cdrcmple.s                               0x00000000   Number         0  cdrcmple.o ABSOLUTE
    dc.s                                     0x00000000   Number         0  dc.o ABSOLUTE
    handlers.s                               0x00000000   Number         0  handlers.o ABSOLUTE
    init.s                                   0x00000000   Number         0  init.o ABSOLUTE
    startup_stm32l010x6.s                    0x00000000   Number         0  startup_stm32l010x6.o ABSOLUTE
    RESET                                    0x08000000   Section      192  startup_stm32l010x6.o(RESET)
    .ARM.Collect$$$$00000000                 0x080000c0   Section        0  entry.o(.ARM.Collect$$$$00000000)
    .ARM.Collect$$$$00000001                 0x080000c0   Section        4  entry2.o(.ARM.Collect$$$$00000001)
    .ARM.Collect$$$$00000004                 0x080000c4   Section        4  entry5.o(.ARM.Collect$$$$00000004)
    .ARM.Collect$$$$00000008                 0x080000c8   Section        0  entry7b.o(.ARM.Collect$$$$00000008)
    .ARM.Collect$$$$0000000A                 0x080000c8   Section        0  entry8b.o(.ARM.Collect$$$$0000000A)
    .ARM.Collect$$$$0000000B                 0x080000c8   Section        8  entry9a.o(.ARM.Collect$$$$0000000B)
    .ARM.Collect$$$$0000000D                 0x080000d0   Section        0  entry10a.o(.ARM.Collect$$$$0000000D)
    .ARM.Collect$$$$0000000F                 0x080000d0   Section        0  entry11a.o(.ARM.Collect$$$$0000000F)
    .ARM.Collect$$$$00002712                 0x080000d0   Section        4  entry2.o(.ARM.Collect$$$$00002712)
    __lit__00000000                          0x080000d0   Data           4  entry2.o(.ARM.Collect$$$$00002712)
    .text                                    0x080000d4   Section       88  startup_stm32l010x6.o(.text)
    .text                                    0x0800012c   Section        0  uidiv.o(.text)
    .text                                    0x08000158   Section        0  uldiv.o(.text)
    .text                                    0x080001b8   Section        0  memseta.o(.text)
    .text                                    0x080001dc   Section        0  llshl.o(.text)
    .text                                    0x080001fc   Section        0  llushr.o(.text)
    .text                                    0x08000220   Section       36  init.o(.text)
    i.ADXL362RegisterRead                    0x08000244   Section        0  spi.o(i.ADXL362RegisterRead)
    i.ADXL362RegisterWrite                   0x0800026c   Section        0  spi.o(i.ADXL362RegisterWrite)
    i.ADXL362_Init                           0x08000290   Section        0  spi.o(i.ADXL362_Init)
    i.Activate_LPUART1                       0x08000314   Section        0  usart.o(i.Activate_LPUART1)
    i.Activate_SPI                           0x08000334   Section        0  spi.o(i.Activate_SPI)
    i.Bufferchg                              0x08000344   Section        0  main.o(i.Bufferchg)
    i.Convert_ASCII                          0x0800038c   Section        0  main.o(i.Convert_ASCII)
    i.EEPROM_WRITE                           0x0800040c   Section        0  main.o(i.EEPROM_WRITE)
    i.EXTI0_1_IRQHandler                     0x08000458   Section        0  stm32l0xx_it.o(i.EXTI0_1_IRQHandler)
    i.EXTI2_3_IRQHandler                     0x08000474   Section        0  stm32l0xx_it.o(i.EXTI2_3_IRQHandler)
    i.Error_Callback                         0x08000490   Section        0  usart.o(i.Error_Callback)
    i.Error_Handler                          0x080004f8   Section        0  main.o(i.Error_Handler)
    i.FLASH_SetErrorCode                     0x08000500   Section        0  stm32l0xx_hal_flash.o(i.FLASH_SetErrorCode)
    FLASH_SetErrorCode                       0x08000501   Thumb Code   134  stm32l0xx_hal_flash.o(i.FLASH_SetErrorCode)
    i.FLASH_WaitForLastOperation             0x08000590   Section        0  stm32l0xx_hal_flash.o(i.FLASH_WaitForLastOperation)
    i.HAL_FLASHEx_DATAEEPROM_Lock            0x08000600   Section        0  stm32l0xx_hal_flash_ex.o(i.HAL_FLASHEx_DATAEEPROM_Lock)
    i.HAL_FLASHEx_DATAEEPROM_Program         0x08000614   Section        0  stm32l0xx_hal_flash_ex.o(i.HAL_FLASHEx_DATAEEPROM_Program)
    i.HAL_FLASHEx_DATAEEPROM_Unlock          0x08000668   Section        0  stm32l0xx_hal_flash_ex.o(i.HAL_FLASHEx_DATAEEPROM_Unlock)
    i.HAL_GetTick                            0x0800069c   Section        0  stm32l0xx_hal.o(i.HAL_GetTick)
    i.HAL_IncTick                            0x080006a8   Section        0  stm32l0xx_hal.o(i.HAL_IncTick)
    i.HAL_Init                               0x080006b8   Section        0  stm32l0xx_hal.o(i.HAL_Init)
    i.HAL_InitTick                           0x080006e0   Section        0  stm32l0xx_hal.o(i.HAL_InitTick)
    i.HAL_MspInit                            0x08000710   Section        0  stm32l0xx_hal_msp.o(i.HAL_MspInit)
    i.HAL_NVIC_EnableIRQ                     0x08000728   Section        0  stm32l0xx_hal_cortex.o(i.HAL_NVIC_EnableIRQ)
    i.HAL_NVIC_SetPriority                   0x0800073c   Section        0  stm32l0xx_hal_cortex.o(i.HAL_NVIC_SetPriority)
    i.HAL_PWREx_EnableFastWakeUp             0x08000744   Section        0  stm32l0xx_hal_pwr_ex.o(i.HAL_PWREx_EnableFastWakeUp)
    i.HAL_PWREx_EnableUltraLowPower          0x08000754   Section        0  stm32l0xx_hal_pwr_ex.o(i.HAL_PWREx_EnableUltraLowPower)
    i.HAL_PWR_EnableBkUpAccess               0x08000764   Section        0  stm32l0xx_hal_pwr.o(i.HAL_PWR_EnableBkUpAccess)
    i.HAL_PWR_EnterSTOPMode                  0x08000774   Section        0  stm32l0xx_hal_pwr.o(i.HAL_PWR_EnterSTOPMode)
    i.HAL_RCCEx_PeriphCLKConfig              0x080007a8   Section        0  stm32l0xx_hal_rcc_ex.o(i.HAL_RCCEx_PeriphCLKConfig)
    i.HAL_RCC_ClockConfig                    0x080008f8   Section        0  stm32l0xx_hal_rcc.o(i.HAL_RCC_ClockConfig)
    i.HAL_RCC_GetSysClockFreq                0x08000a64   Section        0  stm32l0xx_hal_rcc.o(i.HAL_RCC_GetSysClockFreq)
    i.HAL_RCC_OscConfig                      0x08000adc   Section        0  stm32l0xx_hal_rcc.o(i.HAL_RCC_OscConfig)
    i.HAL_RTCEx_DeactivateWakeUpTimer        0x08000f08   Section        0  stm32l0xx_hal_rtc_ex.o(i.HAL_RTCEx_DeactivateWakeUpTimer)
    i.HAL_RTCEx_SetWakeUpTimer_IT            0x08000f84   Section        0  stm32l0xx_hal_rtc_ex.o(i.HAL_RTCEx_SetWakeUpTimer_IT)
    i.HAL_RTCEx_WakeUpTimerEventCallback     0x0800107c   Section        0  rtc.o(i.HAL_RTCEx_WakeUpTimerEventCallback)
    i.HAL_RTCEx_WakeUpTimerIRQHandler        0x0800108c   Section        0  stm32l0xx_hal_rtc_ex.o(i.HAL_RTCEx_WakeUpTimerIRQHandler)
    i.HAL_RTC_Init                           0x080010c4   Section        0  stm32l0xx_hal_rtc.o(i.HAL_RTC_Init)
    i.HAL_RTC_MspInit                        0x08001180   Section        0  rtc.o(i.HAL_RTC_MspInit)
    i.HAL_RTC_WaitForSynchro                 0x080011b0   Section        0  stm32l0xx_hal_rtc.o(i.HAL_RTC_WaitForSynchro)
    i.HAL_SYSTICK_Config                     0x080011e4   Section        0  stm32l0xx_hal_cortex.o(i.HAL_SYSTICK_Config)
    i.HardFault_Handler                      0x08001214   Section        0  stm32l0xx_it.o(i.HardFault_Handler)
    i.Int1_Callback                          0x08001218   Section        0  gpio.o(i.Int1_Callback)
    i.LEDRed_Blinking                        0x08001228   Section        0  main.o(i.LEDRed_Blinking)
    i.LL_EXTI_Init                           0x08001244   Section        0  stm32l0xx_ll_exti.o(i.LL_EXTI_Init)
    i.LL_EXTI_IsActiveFlag_0_31              0x080012e4   Section        0  stm32l0xx_it.o(i.LL_EXTI_IsActiveFlag_0_31)
    LL_EXTI_IsActiveFlag_0_31                0x080012e5   Thumb Code    16  stm32l0xx_it.o(i.LL_EXTI_IsActiveFlag_0_31)
    i.LL_GPIO_Init                           0x080012f8   Section        0  stm32l0xx_ll_gpio.o(i.LL_GPIO_Init)
    i.LL_GPIO_SetPinMode                     0x080013a0   Section        0  gpio.o(i.LL_GPIO_SetPinMode)
    LL_GPIO_SetPinMode                       0x080013a1   Thumb Code    20  gpio.o(i.LL_GPIO_SetPinMode)
    i.LL_GPIO_SetPinPull                     0x080013b4   Section        0  gpio.o(i.LL_GPIO_SetPinPull)
    LL_GPIO_SetPinPull                       0x080013b5   Thumb Code    20  gpio.o(i.LL_GPIO_SetPinPull)
    i.LL_IOP_GRP1_EnableClock                0x080013c8   Section        0  gpio.o(i.LL_IOP_GRP1_EnableClock)
    LL_IOP_GRP1_EnableClock                  0x080013c9   Thumb Code    18  gpio.o(i.LL_IOP_GRP1_EnableClock)
    i.LL_IOP_GRP1_EnableClock                0x080013e0   Section        0  usart.o(i.LL_IOP_GRP1_EnableClock)
    LL_IOP_GRP1_EnableClock                  0x080013e1   Thumb Code    18  usart.o(i.LL_IOP_GRP1_EnableClock)
    i.LL_IOP_GRP1_EnableClock                0x080013f8   Section        0  spi.o(i.LL_IOP_GRP1_EnableClock)
    LL_IOP_GRP1_EnableClock                  0x080013f9   Thumb Code    18  spi.o(i.LL_IOP_GRP1_EnableClock)
    i.LL_LPUART_DeInit                       0x08001410   Section        0  stm32l0xx_ll_lpuart.o(i.LL_LPUART_DeInit)
    i.LL_LPUART_Init                         0x0800143c   Section        0  stm32l0xx_ll_lpuart.o(i.LL_LPUART_Init)
    i.LL_RCC_GetLPUARTClockFreq              0x080014a8   Section        0  stm32l0xx_ll_rcc.o(i.LL_RCC_GetLPUARTClockFreq)
    i.LL_RCC_HSI_IsReady                     0x08001508   Section        0  stm32l0xx_ll_rcc.o(i.LL_RCC_HSI_IsReady)
    LL_RCC_HSI_IsReady                       0x08001509   Thumb Code    10  stm32l0xx_ll_rcc.o(i.LL_RCC_HSI_IsReady)
    i.LL_RCC_IsActiveFlag_HSIDIV             0x08001518   Section        0  stm32l0xx_ll_rcc.o(i.LL_RCC_IsActiveFlag_HSIDIV)
    LL_RCC_IsActiveFlag_HSIDIV               0x08001519   Thumb Code    10  stm32l0xx_ll_rcc.o(i.LL_RCC_IsActiveFlag_HSIDIV)
    i.LL_SPI_DeInit                          0x08001528   Section        0  stm32l0xx_ll_spi.o(i.LL_SPI_DeInit)
    i.LL_SPI_Init                            0x08001550   Section        0  stm32l0xx_ll_spi.o(i.LL_SPI_Init)
    i.LL_SYSCFG_SetEXTISource                0x080015b0   Section        0  gpio.o(i.LL_SYSCFG_SetEXTISource)
    LL_SYSCFG_SetEXTISource                  0x080015b1   Thumb Code    28  gpio.o(i.LL_SYSCFG_SetEXTISource)
    i.LL_mDelay                              0x080015d0   Section        0  stm32l0xx_ll_utils.o(i.LL_mDelay)
    i.LPTIM1_Counter_Start_IT                0x080015f0   Section        0  lptim.o(i.LPTIM1_Counter_Start_IT)
    i.LPTIM1_IRQHandler                      0x08001624   Section        0  stm32l0xx_it.o(i.LPTIM1_IRQHandler)
    i.LPTimerAutoreloadMatch_Callback        0x08001644   Section        0  lptim.o(i.LPTimerAutoreloadMatch_Callback)
    i.LPUART1_IRQHandler                     0x0800167c   Section        0  stm32l0xx_it.o(i.LPUART1_IRQHandler)
    i.LPUART_CharReception_Callback          0x080016a0   Section        0  usart.o(i.LPUART_CharReception_Callback)
    i.MX_GPIO_Init                           0x080016e4   Section        0  gpio.o(i.MX_GPIO_Init)
    i.MX_IWDG_Init                           0x08001988   Section        0  iwdg.o(i.MX_IWDG_Init)
    i.MX_LPTIM1_Init                         0x080019bc   Section        0  lptim.o(i.MX_LPTIM1_Init)
    i.MX_LPUART1_UART_DeInit                 0x08001a34   Section        0  usart.o(i.MX_LPUART1_UART_DeInit)
    i.MX_LPUART1_UART_Init                   0x08001a9c   Section        0  usart.o(i.MX_LPUART1_UART_Init)
    i.MX_RTC_Init                            0x08001b54   Section        0  rtc.o(i.MX_RTC_Init)
    i.MX_SPI1_DeInit                         0x08001b9c   Section        0  spi.o(i.MX_SPI1_DeInit)
    i.MX_SPI1_Init                           0x08001c0c   Section        0  spi.o(i.MX_SPI1_Init)
    i.NMI_Handler                            0x08001cb8   Section        0  stm32l0xx_it.o(i.NMI_Handler)
    i.NVIC_SetPriority                       0x08001cbc   Section        0  gpio.o(i.NVIC_SetPriority)
    NVIC_SetPriority                         0x08001cbd   Thumb Code    60  gpio.o(i.NVIC_SetPriority)
    i.NVIC_SetPriority                       0x08001d00   Section        0  stm32l0xx_hal_cortex.o(i.NVIC_SetPriority)
    NVIC_SetPriority                         0x08001d01   Thumb Code    60  stm32l0xx_hal_cortex.o(i.NVIC_SetPriority)
    i.PendSV_Handler                         0x08001d44   Section        0  stm32l0xx_it.o(i.PendSV_Handler)
    i.PrintInfo                              0x08001d48   Section        0  usart.o(i.PrintInfo)
    i.RCC_GetHCLKClockFreq                   0x08001d74   Section        0  stm32l0xx_ll_rcc.o(i.RCC_GetHCLKClockFreq)
    i.RCC_GetPCLK1ClockFreq                  0x08001d90   Section        0  stm32l0xx_ll_rcc.o(i.RCC_GetPCLK1ClockFreq)
    i.RCC_GetSystemClockFreq                 0x08001da8   Section        0  stm32l0xx_ll_rcc.o(i.RCC_GetSystemClockFreq)
    i.RCC_PLL_GetFreqDomain_SYS              0x08001dfc   Section        0  stm32l0xx_ll_rcc.o(i.RCC_PLL_GetFreqDomain_SYS)
    i.REL_Callback                           0x08001e4c   Section        0  gpio.o(i.REL_Callback)
    i.REL_EXTI_DisInit                       0x08001e58   Section        0  gpio.o(i.REL_EXTI_DisInit)
    i.REL_EXTI_Init                          0x08001e80   Section        0  gpio.o(i.REL_EXTI_Init)
    i.RTC_EnterInitMode                      0x08001edc   Section        0  stm32l0xx_hal_rtc.o(i.RTC_EnterInitMode)
    i.RTC_IRQHandler                         0x08001f14   Section        0  stm32l0xx_it.o(i.RTC_IRQHandler)
    i.SPI_ExchangeByte                       0x08001f24   Section        0  spi.o(i.SPI_ExchangeByte)
    i.SVC_Handler                            0x08001f44   Section        0  stm32l0xx_it.o(i.SVC_Handler)
    i.Show_Message                           0x08001f48   Section        0  main.o(i.Show_Message)
    Show_Message                             0x08001f49   Thumb Code   194  main.o(i.Show_Message)
    i.SpiFunction                            0x0800207c   Section        0  spi.o(i.SpiFunction)
    i.SysTick_Handler                        0x080020aa   Section        0  stm32l0xx_it.o(i.SysTick_Handler)
    i.SystemClock_Config                     0x080020b4   Section        0  main.o(i.SystemClock_Config)
    i.SystemInit                             0x08002160   Section        0  system_stm32l0xx.o(i.SystemInit)
    i.__0printf$5                            0x080021b4   Section        0  printf5.o(i.__0printf$5)
    i.__ARM_common_switch8                   0x080021d4   Section        0  main.o(i.__ARM_common_switch8)
    i.__scatterload_copy                     0x080021ee   Section       14  handlers.o(i.__scatterload_copy)
    i.__scatterload_null                     0x080021fc   Section        2  handlers.o(i.__scatterload_null)
    i.__scatterload_zeroinit                 0x080021fe   Section       14  handlers.o(i.__scatterload_zeroinit)
    i._printf_core                           0x0800220c   Section        0  printf5.o(i._printf_core)
    _printf_core                             0x0800220d   Thumb Code   688  printf5.o(i._printf_core)
    i.fputc                                  0x080024e8   Section        0  usart.o(i.fputc)
    i.main                                   0x080024f8   Section        0  main.o(i.main)
    .constdata                               0x080028a8   Section       25  system_stm32l0xx.o(.constdata)
    .constdata                               0x080028c1   Section        8  system_stm32l0xx.o(.constdata)
    .data                                    0x20000000   Section      195  main.o(.data)
    .data                                    0x200000c4   Section        8  gpio.o(.data)
    .data                                    0x200000cc   Section        6  lptim.o(.data)
    .data                                    0x200000d2   Section        2  usart.o(.data)
    .data                                    0x200000d4   Section        4  system_stm32l0xx.o(.data)
    .data                                    0x200000d8   Section        4  stm32l0xx_hal.o(.data)
    .data                                    0x200000dc   Section        4  stdout.o(.data)
    .bss                                     0x200000e0   Section      455  main.o(.bss)
    .bss                                     0x200002a8   Section       36  rtc.o(.bss)
    .bss                                     0x200002cc   Section       24  stm32l0xx_hal_flash.o(.bss)
    STACK                                    0x200002e8   Section     1024  startup_stm32l010x6.o(STACK)

    Global Symbols

    Symbol Name                              Value     Ov Type        Size  Object(Section)

    BuildAttributes$$THM_ISAv3M$S$PE$A:L22$X:L11$S22$IEEE1$IW$USESV6$~STKCKD$USESV7$~SHL$OSPACE$ROPI$EBA8$MICROLIB$REQ8$PRES8$EABIv2 0x00000000   Number         0  anon$$obj.o ABSOLUTE
    __ARM_use_no_argv                        0x00000000   Number         0  main.o ABSOLUTE
    _printf_a                                0x00000000   Number         0  stubs.o ABSOLUTE
    _printf_c                                0x00000000   Number         0  stubs.o ABSOLUTE
    _printf_charcount                        0x00000000   Number         0  stubs.o ABSOLUTE
    _printf_d                                0x00000000   Number         0  stubs.o ABSOLUTE
    _printf_e                                0x00000000   Number         0  stubs.o ABSOLUTE
    _printf_f                                0x00000000   Number         0  stubs.o ABSOLUTE
    _printf_flags                            0x00000000   Number         0  stubs.o ABSOLUTE
    _printf_fp_dec                           0x00000000   Number         0  stubs.o ABSOLUTE
    _printf_fp_hex                           0x00000000   Number         0  stubs.o ABSOLUTE
    _printf_g                                0x00000000   Number         0  stubs.o ABSOLUTE
    _printf_i                                0x00000000   Number         0  stubs.o ABSOLUTE
    _printf_int_dec                          0x00000000   Number         0  stubs.o ABSOLUTE
    _printf_l                                0x00000000   Number         0  stubs.o ABSOLUTE
    _printf_lc                               0x00000000   Number         0  stubs.o ABSOLUTE
    _printf_ll                               0x00000000   Number         0  stubs.o ABSOLUTE
    _printf_lld                              0x00000000   Number         0  stubs.o ABSOLUTE
    _printf_lli                              0x00000000   Number         0  stubs.o ABSOLUTE
    _printf_llo                              0x00000000   Number         0  stubs.o ABSOLUTE
    _printf_llu                              0x00000000   Number         0  stubs.o ABSOLUTE
    _printf_llx                              0x00000000   Number         0  stubs.o ABSOLUTE
    _printf_longlong_dec                     0x00000000   Number         0  stubs.o ABSOLUTE
    _printf_longlong_hex                     0x00000000   Number         0  stubs.o ABSOLUTE
    _printf_longlong_oct                     0x00000000   Number         0  stubs.o ABSOLUTE
    _printf_ls                               0x00000000   Number         0  stubs.o ABSOLUTE
    _printf_mbtowc                           0x00000000   Number         0  stubs.o ABSOLUTE
    _printf_n                                0x00000000   Number         0  stubs.o ABSOLUTE
    _printf_o                                0x00000000   Number         0  stubs.o ABSOLUTE
    _printf_p                                0x00000000   Number         0  stubs.o ABSOLUTE
    _printf_percent                          0x00000000   Number         0  stubs.o ABSOLUTE
    _printf_pre_padding                      0x00000000   Number         0  stubs.o ABSOLUTE
    _printf_return_value                     0x00000000   Number         0  stubs.o ABSOLUTE
    _printf_s                                0x00000000   Number         0  stubs.o ABSOLUTE
    _printf_sizespec                         0x00000000   Number         0  stubs.o ABSOLUTE
    _printf_str                              0x00000000   Number         0  stubs.o ABSOLUTE
    _printf_truncate_signed                  0x00000000   Number         0  stubs.o ABSOLUTE
    _printf_truncate_unsigned                0x00000000   Number         0  stubs.o ABSOLUTE
    _printf_u                                0x00000000   Number         0  stubs.o ABSOLUTE
    _printf_wc                               0x00000000   Number         0  stubs.o ABSOLUTE
    _printf_wctomb                           0x00000000   Number         0  stubs.o ABSOLUTE
    _printf_widthprec                        0x00000000   Number         0  stubs.o ABSOLUTE
    _printf_x                                0x00000000   Number         0  stubs.o ABSOLUTE
    __cpp_initialize__aeabi_                  - Undefined Weak Reference
    __cxa_finalize                            - Undefined Weak Reference
    __decompress                              - Undefined Weak Reference
    _clock_init                               - Undefined Weak Reference
    _microlib_exit                            - Undefined Weak Reference
    __Vectors_Size                           0x000000c0   Number         0  startup_stm32l010x6.o ABSOLUTE
    __Vectors                                0x08000000   Data           4  startup_stm32l010x6.o(RESET)
    __Vectors_End                            0x080000c0   Data           0  startup_stm32l010x6.o(RESET)
    __main                                   0x080000c1   Thumb Code     0  entry.o(.ARM.Collect$$$$00000000)
    _main_stk                                0x080000c1   Thumb Code     0  entry2.o(.ARM.Collect$$$$00000001)
    _main_scatterload                        0x080000c5   Thumb Code     0  entry5.o(.ARM.Collect$$$$00000004)
    __main_after_scatterload                 0x080000c9   Thumb Code     0  entry5.o(.ARM.Collect$$$$00000004)
    _main_clock                              0x080000c9   Thumb Code     0  entry7b.o(.ARM.Collect$$$$00000008)
    _main_cpp_init                           0x080000c9   Thumb Code     0  entry8b.o(.ARM.Collect$$$$0000000A)
    _main_init                               0x080000c9   Thumb Code     0  entry9a.o(.ARM.Collect$$$$0000000B)
    __rt_final_cpp                           0x080000d1   Thumb Code     0  entry10a.o(.ARM.Collect$$$$0000000D)
    __rt_final_exit                          0x080000d1   Thumb Code     0  entry11a.o(.ARM.Collect$$$$0000000F)
    Reset_Handler                            0x080000d5   Thumb Code    38  startup_stm32l010x6.o(.text)
    ADC1_IRQHandler                          0x08000105   Thumb Code     0  startup_stm32l010x6.o(.text)
    DMA1_Channel1_IRQHandler                 0x08000105   Thumb Code     0  startup_stm32l010x6.o(.text)
    DMA1_Channel2_3_IRQHandler               0x08000105   Thumb Code     0  startup_stm32l010x6.o(.text)
    DMA1_Channel4_5_6_7_IRQHandler           0x08000105   Thumb Code     0  startup_stm32l010x6.o(.text)
    EXTI4_15_IRQHandler                      0x08000105   Thumb Code     0  startup_stm32l010x6.o(.text)
    FLASH_IRQHandler                         0x08000105   Thumb Code     0  startup_stm32l010x6.o(.text)
    I2C1_IRQHandler                          0x08000105   Thumb Code     0  startup_stm32l010x6.o(.text)
    RCC_IRQHandler                           0x08000105   Thumb Code     0  startup_stm32l010x6.o(.text)
    SPI1_IRQHandler                          0x08000105   Thumb Code     0  startup_stm32l010x6.o(.text)
    TIM21_IRQHandler                         0x08000105   Thumb Code     0  startup_stm32l010x6.o(.text)
    TIM2_IRQHandler                          0x08000105   Thumb Code     0  startup_stm32l010x6.o(.text)
    USART2_IRQHandler                        0x08000105   Thumb Code     0  startup_stm32l010x6.o(.text)
    WWDG_IRQHandler                          0x08000105   Thumb Code     0  startup_stm32l010x6.o(.text)
    __aeabi_uidiv                            0x0800012d   Thumb Code     0  uidiv.o(.text)
    __aeabi_uidivmod                         0x0800012d   Thumb Code    44  uidiv.o(.text)
    __aeabi_uldivmod                         0x08000159   Thumb Code    96  uldiv.o(.text)
    __aeabi_memset                           0x080001b9   Thumb Code    14  memseta.o(.text)
    __aeabi_memset4                          0x080001b9   Thumb Code     0  memseta.o(.text)
    __aeabi_memset8                          0x080001b9   Thumb Code     0  memseta.o(.text)
    __aeabi_memclr                           0x080001c7   Thumb Code     4  memseta.o(.text)
    __aeabi_memclr4                          0x080001c7   Thumb Code     0  memseta.o(.text)
    __aeabi_memclr8                          0x080001c7   Thumb Code     0  memseta.o(.text)
    _memset$wrapper                          0x080001cb   Thumb Code    18  memseta.o(.text)
    __aeabi_llsl                             0x080001dd   Thumb Code    32  llshl.o(.text)
    _ll_shift_l                              0x080001dd   Thumb Code     0  llshl.o(.text)
    __aeabi_llsr                             0x080001fd   Thumb Code    34  llushr.o(.text)
    _ll_ushift_r                             0x080001fd   Thumb Code     0  llushr.o(.text)
    __scatterload                            0x08000221   Thumb Code    28  init.o(.text)
    __scatterload_rt2                        0x08000221   Thumb Code     0  init.o(.text)
    ADXL362RegisterRead                      0x08000245   Thumb Code    40  spi.o(i.ADXL362RegisterRead)
    ADXL362RegisterWrite                     0x0800026d   Thumb Code    36  spi.o(i.ADXL362RegisterWrite)
    ADXL362_Init                             0x08000291   Thumb Code   132  spi.o(i.ADXL362_Init)
    Activate_LPUART1                         0x08000315   Thumb Code    28  usart.o(i.Activate_LPUART1)
    Activate_SPI                             0x08000335   Thumb Code    12  spi.o(i.Activate_SPI)
    Bufferchg                                0x08000345   Thumb Code    62  main.o(i.Bufferchg)
    Convert_ASCII                            0x0800038d   Thumb Code   122  main.o(i.Convert_ASCII)
    EEPROM_WRITE                             0x0800040d   Thumb Code    64  main.o(i.EEPROM_WRITE)
    EXTI0_1_IRQHandler                       0x08000459   Thumb Code    24  stm32l0xx_it.o(i.EXTI0_1_IRQHandler)
    EXTI2_3_IRQHandler                       0x08000475   Thumb Code    24  stm32l0xx_it.o(i.EXTI2_3_IRQHandler)
    Error_Callback                           0x08000491   Thumb Code    92  usart.o(i.Error_Callback)
    Error_Handler                            0x080004f9   Thumb Code     8  main.o(i.Error_Handler)
    FLASH_WaitForLastOperation               0x08000591   Thumb Code   106  stm32l0xx_hal_flash.o(i.FLASH_WaitForLastOperation)
    HAL_FLASHEx_DATAEEPROM_Lock              0x08000601   Thumb Code    14  stm32l0xx_hal_flash_ex.o(i.HAL_FLASHEx_DATAEEPROM_Lock)
    HAL_FLASHEx_DATAEEPROM_Program           0x08000615   Thumb Code    76  stm32l0xx_hal_flash_ex.o(i.HAL_FLASHEx_DATAEEPROM_Program)
    HAL_FLASHEx_DATAEEPROM_Unlock            0x08000669   Thumb Code    40  stm32l0xx_hal_flash_ex.o(i.HAL_FLASHEx_DATAEEPROM_Unlock)
    HAL_GetTick                              0x0800069d   Thumb Code     6  stm32l0xx_hal.o(i.HAL_GetTick)
    HAL_IncTick                              0x080006a9   Thumb Code    10  stm32l0xx_hal.o(i.HAL_IncTick)
    HAL_Init                                 0x080006b9   Thumb Code    36  stm32l0xx_hal.o(i.HAL_Init)
    HAL_InitTick                             0x080006e1   Thumb Code    44  stm32l0xx_hal.o(i.HAL_InitTick)
    HAL_MspInit                              0x08000711   Thumb Code    20  stm32l0xx_hal_msp.o(i.HAL_MspInit)
    HAL_NVIC_EnableIRQ                       0x08000729   Thumb Code    14  stm32l0xx_hal_cortex.o(i.HAL_NVIC_EnableIRQ)
    HAL_NVIC_SetPriority                     0x0800073d   Thumb Code     8  stm32l0xx_hal_cortex.o(i.HAL_NVIC_SetPriority)
    HAL_PWREx_EnableFastWakeUp               0x08000745   Thumb Code    12  stm32l0xx_hal_pwr_ex.o(i.HAL_PWREx_EnableFastWakeUp)
    HAL_PWREx_EnableUltraLowPower            0x08000755   Thumb Code    12  stm32l0xx_hal_pwr_ex.o(i.HAL_PWREx_EnableUltraLowPower)
    HAL_PWR_EnableBkUpAccess                 0x08000765   Thumb Code    12  stm32l0xx_hal_pwr.o(i.HAL_PWR_EnableBkUpAccess)
    HAL_PWR_EnterSTOPMode                    0x08000775   Thumb Code    44  stm32l0xx_hal_pwr.o(i.HAL_PWR_EnterSTOPMode)
    HAL_RCCEx_PeriphCLKConfig                0x080007a9   Thumb Code   324  stm32l0xx_hal_rcc_ex.o(i.HAL_RCCEx_PeriphCLKConfig)
    HAL_RCC_ClockConfig                      0x080008f9   Thumb Code   344  stm32l0xx_hal_rcc.o(i.HAL_RCC_ClockConfig)
    HAL_RCC_GetSysClockFreq                  0x08000a65   Thumb Code   100  stm32l0xx_hal_rcc.o(i.HAL_RCC_GetSysClockFreq)
    HAL_RCC_OscConfig                        0x08000add   Thumb Code  1068  stm32l0xx_hal_rcc.o(i.HAL_RCC_OscConfig)
    HAL_RTCEx_DeactivateWakeUpTimer          0x08000f09   Thumb Code   122  stm32l0xx_hal_rtc_ex.o(i.HAL_RTCEx_DeactivateWakeUpTimer)
    HAL_RTCEx_SetWakeUpTimer_IT              0x08000f85   Thumb Code   238  stm32l0xx_hal_rtc_ex.o(i.HAL_RTCEx_SetWakeUpTimer_IT)
    HAL_RTCEx_WakeUpTimerEventCallback       0x0800107d   Thumb Code    12  rtc.o(i.HAL_RTCEx_WakeUpTimerEventCallback)
    HAL_RTCEx_WakeUpTimerIRQHandler          0x0800108d   Thumb Code    48  stm32l0xx_hal_rtc_ex.o(i.HAL_RTCEx_WakeUpTimerIRQHandler)
    HAL_RTC_Init                             0x080010c5   Thumb Code   184  stm32l0xx_hal_rtc.o(i.HAL_RTC_Init)
    HAL_RTC_MspInit                          0x08001181   Thumb Code    40  rtc.o(i.HAL_RTC_MspInit)
    HAL_RTC_WaitForSynchro                   0x080011b1   Thumb Code    52  stm32l0xx_hal_rtc.o(i.HAL_RTC_WaitForSynchro)
    HAL_SYSTICK_Config                       0x080011e5   Thumb Code    38  stm32l0xx_hal_cortex.o(i.HAL_SYSTICK_Config)
    HardFault_Handler                        0x08001215   Thumb Code     2  stm32l0xx_it.o(i.HardFault_Handler)
    Int1_Callback                            0x08001219   Thumb Code    10  gpio.o(i.Int1_Callback)
    LEDRed_Blinking                          0x08001229   Thumb Code    22  main.o(i.LEDRed_Blinking)
    LL_EXTI_Init                             0x08001245   Thumb Code   156  stm32l0xx_ll_exti.o(i.LL_EXTI_Init)
    LL_GPIO_Init                             0x080012f9   Thumb Code   168  stm32l0xx_ll_gpio.o(i.LL_GPIO_Init)
    LL_LPUART_DeInit                         0x08001411   Thumb Code    34  stm32l0xx_ll_lpuart.o(i.LL_LPUART_DeInit)
    LL_LPUART_Init                           0x0800143d   Thumb Code   104  stm32l0xx_ll_lpuart.o(i.LL_LPUART_Init)
    LL_RCC_GetLPUARTClockFreq                0x080014a9   Thumb Code    84  stm32l0xx_ll_rcc.o(i.LL_RCC_GetLPUARTClockFreq)
    LL_SPI_DeInit                            0x08001529   Thumb Code    30  stm32l0xx_ll_spi.o(i.LL_SPI_DeInit)
    LL_SPI_Init                              0x08001551   Thumb Code    92  stm32l0xx_ll_spi.o(i.LL_SPI_Init)
    LL_mDelay                                0x080015d1   Thumb Code    28  stm32l0xx_ll_utils.o(i.LL_mDelay)
    LPTIM1_Counter_Start_IT                  0x080015f1   Thumb Code    44  lptim.o(i.LPTIM1_Counter_Start_IT)
    LPTIM1_IRQHandler                        0x08001625   Thumb Code    26  stm32l0xx_it.o(i.LPTIM1_IRQHandler)
    LPTimerAutoreloadMatch_Callback          0x08001645   Thumb Code    52  lptim.o(i.LPTimerAutoreloadMatch_Callback)
    LPUART1_IRQHandler                       0x0800167d   Thumb Code    32  stm32l0xx_it.o(i.LPUART1_IRQHandler)
    LPUART_CharReception_Callback            0x080016a1   Thumb Code    56  usart.o(i.LPUART_CharReception_Callback)
    MX_GPIO_Init                             0x080016e5   Thumb Code   660  gpio.o(i.MX_GPIO_Init)
    MX_IWDG_Init                             0x08001989   Thumb Code    32  iwdg.o(i.MX_IWDG_Init)
    MX_LPTIM1_Init                           0x080019bd   Thumb Code   104  lptim.o(i.MX_LPTIM1_Init)
    MX_LPUART1_UART_DeInit                   0x08001a35   Thumb Code    90  usart.o(i.MX_LPUART1_UART_DeInit)
    MX_LPUART1_UART_Init                     0x08001a9d   Thumb Code   164  usart.o(i.MX_LPUART1_UART_Init)
    MX_RTC_Init                              0x08001b55   Thumb Code    62  rtc.o(i.MX_RTC_Init)
    MX_SPI1_DeInit                           0x08001b9d   Thumb Code   102  spi.o(i.MX_SPI1_DeInit)
    MX_SPI1_Init                             0x08001c0d   Thumb Code   164  spi.o(i.MX_SPI1_Init)
    NMI_Handler                              0x08001cb9   Thumb Code     2  stm32l0xx_it.o(i.NMI_Handler)
    PendSV_Handler                           0x08001d45   Thumb Code     2  stm32l0xx_it.o(i.PendSV_Handler)
    PrintInfo                                0x08001d49   Thumb Code    38  usart.o(i.PrintInfo)
    RCC_GetHCLKClockFreq                     0x08001d75   Thumb Code    18  stm32l0xx_ll_rcc.o(i.RCC_GetHCLKClockFreq)
    RCC_GetPCLK1ClockFreq                    0x08001d91   Thumb Code    16  stm32l0xx_ll_rcc.o(i.RCC_GetPCLK1ClockFreq)
    RCC_GetSystemClockFreq                   0x08001da9   Thumb Code    64  stm32l0xx_ll_rcc.o(i.RCC_GetSystemClockFreq)
    RCC_PLL_GetFreqDomain_SYS                0x08001dfd   Thumb Code    58  stm32l0xx_ll_rcc.o(i.RCC_PLL_GetFreqDomain_SYS)
    REL_Callback                             0x08001e4d   Thumb Code     8  gpio.o(i.REL_Callback)
    REL_EXTI_DisInit                         0x08001e59   Thumb Code    34  gpio.o(i.REL_EXTI_DisInit)
    REL_EXTI_Init                            0x08001e81   Thumb Code    82  gpio.o(i.REL_EXTI_Init)
    RTC_EnterInitMode                        0x08001edd   Thumb Code    56  stm32l0xx_hal_rtc.o(i.RTC_EnterInitMode)
    RTC_IRQHandler                           0x08001f15   Thumb Code    10  stm32l0xx_it.o(i.RTC_IRQHandler)
    SPI_ExchangeByte                         0x08001f25   Thumb Code    26  spi.o(i.SPI_ExchangeByte)
    SVC_Handler                              0x08001f45   Thumb Code     2  stm32l0xx_it.o(i.SVC_Handler)
    SpiFunction                              0x0800207d   Thumb Code    46  spi.o(i.SpiFunction)
    SysTick_Handler                          0x080020ab   Thumb Code     8  stm32l0xx_it.o(i.SysTick_Handler)
    SystemClock_Config                       0x080020b5   Thumb Code   164  main.o(i.SystemClock_Config)
    SystemInit                               0x08002161   Thumb Code    66  system_stm32l0xx.o(i.SystemInit)
    __0printf$5                              0x080021b5   Thumb Code    24  printf5.o(i.__0printf$5)
    __1printf$5                              0x080021b5   Thumb Code     0  printf5.o(i.__0printf$5)
    __2printf                                0x080021b5   Thumb Code     0  printf5.o(i.__0printf$5)
    __ARM_common_switch8                     0x080021d5   Thumb Code    26  main.o(i.__ARM_common_switch8)
    __scatterload_copy                       0x080021ef   Thumb Code    14  handlers.o(i.__scatterload_copy)
    __scatterload_null                       0x080021fd   Thumb Code     2  handlers.o(i.__scatterload_null)
    __scatterload_zeroinit                   0x080021ff   Thumb Code    14  handlers.o(i.__scatterload_zeroinit)
    fputc                                    0x080024e9   Thumb Code    12  usart.o(i.fputc)
    main                                     0x080024f9   Thumb Code   870  main.o(i.main)
    AHBPrescTable                            0x080028a8   Data          16  system_stm32l0xx.o(.constdata)
    PLLMulTable                              0x080028b8   Data           9  system_stm32l0xx.o(.constdata)
    APBPrescTable                            0x080028c1   Data           8  system_stm32l0xx.o(.constdata)
    Region$$Table$$Base                      0x080028cc   Number         0  anon$$obj.o(Region$$Table)
    Region$$Table$$Limit                     0x080028ec   Number         0  anon$$obj.o(Region$$Table)
    Pregnant_Buffer_Flag                     0x20000000   Data           1  main.o(.data)
    SendState                                0x20000001   Data           1  main.o(.data)
    AlarmState                               0x20000002   Data           1  main.o(.data)
    ConnectedState                           0x20000003   Data           1  main.o(.data)
    i                                        0x20000004   Data           1  main.o(.data)
    OKInfo                                   0x20000005   Data           7  main.o(.data)
    ERInfo                                   0x2000000c   Data           7  main.o(.data)
    aTextInfoStart1                          0x20000013   Data          34  main.o(.data)
    aTextInfoStart2                          0x20000035   Data          41  main.o(.data)
    alarmInfo                                0x2000005e   Data          15  main.o(.data)
    ConnectedInfo                            0x2000006d   Data          12  main.o(.data)
    Pregnant_Buffer                          0x20000079   Data          74  main.o(.data)
    AlarmReady                               0x200000c4   Data           1  gpio.o(.data)
    step                                     0x200000c8   Data           4  gpio.o(.data)
    LptimReady                               0x200000cc   Data           1  lptim.o(.data)
    PregnantReady                            0x200000cd   Data           1  lptim.o(.data)
    PowerOffReady                            0x200000ce   Data           1  lptim.o(.data)
    pregnantTimeBase                         0x200000cf   Data           1  lptim.o(.data)
    wakeupTimeBase                           0x200000d0   Data           1  lptim.o(.data)
    WAKEUPTIME                               0x200000d1   Data           1  lptim.o(.data)
    RxCounter                                0x200000d2   Data           1  usart.o(.data)
    CommandState                             0x200000d3   Data           1  usart.o(.data)
    SystemCoreClock                          0x200000d4   Data           4  system_stm32l0xx.o(.data)
    uwTick                                   0x200000d8   Data           4  stm32l0xx_hal.o(.data)
    __stdout                                 0x200000dc   Data           4  stdout.o(.data)
    Pregnant_TxBuffer                        0x200000e0   Data         148  main.o(.bss)
    RxBuffer                                 0x20000174   Data          53  main.o(.bss)
    TxTempBuffer                             0x200001a9   Data         148  main.o(.bss)
    TxBuffer                                 0x2000023d   Data         106  main.o(.bss)
    hrtc                                     0x200002a8   Data          36  rtc.o(.bss)
    pFlash                                   0x200002cc   Data          24  stm32l0xx_hal_flash.o(.bss)
    __initial_sp                             0x200006e8   Data           0  startup_stm32l010x6.o(STACK)



==============================================================================

Memory Map of the image

  Image Entry point : 0x080000c1

  Load Region LR_IROM1 (Base: 0x08000000, Size: 0x000029cc, Max: 0x00008000, ABSOLUTE)

    Execution Region ER_IROM1 (Exec base: 0x08000000, Load base: 0x08000000, Size: 0x000028ec, Max: 0x00008000, ABSOLUTE)

    Exec Addr    Load Addr    Size         Type   Attr      Idx    E Section Name        Object

    0x08000000   0x08000000   0x000000c0   Data   RO            3    RESET               startup_stm32l010x6.o
    0x080000c0   0x080000c0   0x00000000   Code   RO         3072  * .ARM.Collect$$$$00000000  mc_p.l(entry.o)
    0x080000c0   0x080000c0   0x00000004   Code   RO         3342    .ARM.Collect$$$$00000001  mc_p.l(entry2.o)
    0x080000c4   0x080000c4   0x00000004   Code   RO         3345    .ARM.Collect$$$$00000004  mc_p.l(entry5.o)
    0x080000c8   0x080000c8   0x00000000   Code   RO         3347    .ARM.Collect$$$$00000008  mc_p.l(entry7b.o)
    0x080000c8   0x080000c8   0x00000000   Code   RO         3349    .ARM.Collect$$$$0000000A  mc_p.l(entry8b.o)
    0x080000c8   0x080000c8   0x00000008   Code   RO         3350    .ARM.Collect$$$$0000000B  mc_p.l(entry9a.o)
    0x080000d0   0x080000d0   0x00000000   Code   RO         3352    .ARM.Collect$$$$0000000D  mc_p.l(entry10a.o)
    0x080000d0   0x080000d0   0x00000000   Code   RO         3354    .ARM.Collect$$$$0000000F  mc_p.l(entry11a.o)
    0x080000d0   0x080000d0   0x00000004   Code   RO         3343    .ARM.Collect$$$$00002712  mc_p.l(entry2.o)
    0x080000d4   0x080000d4   0x00000058   Code   RO            4    .text               startup_stm32l010x6.o
    0x0800012c   0x0800012c   0x0000002c   Code   RO         3075    .text               mc_p.l(uidiv.o)
    0x08000158   0x08000158   0x00000060   Code   RO         3077    .text               mc_p.l(uldiv.o)
    0x080001b8   0x080001b8   0x00000024   Code   RO         3079    .text               mc_p.l(memseta.o)
    0x080001dc   0x080001dc   0x00000020   Code   RO         3357    .text               mc_p.l(llshl.o)
    0x080001fc   0x080001fc   0x00000022   Code   RO         3359    .text               mc_p.l(llushr.o)
    0x0800021e   0x0800021e   0x00000002   PAD
    0x08000220   0x08000220   0x00000024   Code   RO         3372    .text               mc_p.l(init.o)
    0x08000244   0x08000244   0x00000028   Code   RO          522    i.ADXL362RegisterRead  spi.o
    0x0800026c   0x0800026c   0x00000024   Code   RO          523    i.ADXL362RegisterWrite  spi.o
    0x08000290   0x08000290   0x00000084   Code   RO          524    i.ADXL362_Init      spi.o
    0x08000314   0x08000314   0x00000020   Code   RO          402    i.Activate_LPUART1  usart.o
    0x08000334   0x08000334   0x00000010   Code   RO          526    i.Activate_SPI      spi.o
    0x08000344   0x08000344   0x00000048   Code   RO           12    i.Bufferchg         main.o
    0x0800038c   0x0800038c   0x00000080   Code   RO           13    i.Convert_ASCII     main.o
    0x0800040c   0x0800040c   0x0000004c   Code   RO           15    i.EEPROM_WRITE      main.o
    0x08000458   0x08000458   0x0000001c   Code   RO          641    i.EXTI0_1_IRQHandler  stm32l0xx_it.o
    0x08000474   0x08000474   0x0000001c   Code   RO          642    i.EXTI2_3_IRQHandler  stm32l0xx_it.o
    0x08000490   0x08000490   0x00000068   Code   RO          403    i.Error_Callback    usart.o
    0x080004f8   0x080004f8   0x00000008   Code   RO           16    i.Error_Handler     main.o
    0x08000500   0x08000500   0x00000090   Code   RO         1717    i.FLASH_SetErrorCode  stm32l0xx_hal_flash.o
    0x08000590   0x08000590   0x00000070   Code   RO         1718    i.FLASH_WaitForLastOperation  stm32l0xx_hal_flash.o
    0x08000600   0x08000600   0x00000014   Code   RO         1821    i.HAL_FLASHEx_DATAEEPROM_Lock  stm32l0xx_hal_flash_ex.o
    0x08000614   0x08000614   0x00000054   Code   RO         1822    i.HAL_FLASHEx_DATAEEPROM_Program  stm32l0xx_hal_flash_ex.o
    0x08000668   0x08000668   0x00000034   Code   RO         1823    i.HAL_FLASHEx_DATAEEPROM_Unlock  stm32l0xx_hal_flash_ex.o
    0x0800069c   0x0800069c   0x0000000c   Code   RO          848    i.HAL_GetTick       stm32l0xx_hal.o
    0x080006a8   0x080006a8   0x00000010   Code   RO          852    i.HAL_IncTick       stm32l0xx_hal.o
    0x080006b8   0x080006b8   0x00000028   Code   RO          853    i.HAL_Init          stm32l0xx_hal.o
    0x080006e0   0x080006e0   0x00000030   Code   RO          854    i.HAL_InitTick      stm32l0xx_hal.o
    0x08000710   0x08000710   0x00000018   Code   RO          733    i.HAL_MspInit       stm32l0xx_hal_msp.o
    0x08000728   0x08000728   0x00000014   Code   RO         2220    i.HAL_NVIC_EnableIRQ  stm32l0xx_hal_cortex.o
    0x0800073c   0x0800073c   0x00000008   Code   RO         2224    i.HAL_NVIC_SetPriority  stm32l0xx_hal_cortex.o
    0x08000744   0x08000744   0x00000010   Code   RO         2165    i.HAL_PWREx_EnableFastWakeUp  stm32l0xx_hal_pwr_ex.o
    0x08000754   0x08000754   0x00000010   Code   RO         2167    i.HAL_PWREx_EnableUltraLowPower  stm32l0xx_hal_pwr_ex.o
    0x08000764   0x08000764   0x00000010   Code   RO         2081    i.HAL_PWR_EnableBkUpAccess  stm32l0xx_hal_pwr.o
    0x08000774   0x08000774   0x00000034   Code   RO         2087    i.HAL_PWR_EnterSTOPMode  stm32l0xx_hal_pwr.o
    0x080007a8   0x080007a8   0x00000150   Code   RO         1613    i.HAL_RCCEx_PeriphCLKConfig  stm32l0xx_hal_rcc_ex.o
    0x080008f8   0x080008f8   0x0000016c   Code   RO         1515    i.HAL_RCC_ClockConfig  stm32l0xx_hal_rcc.o
    0x08000a64   0x08000a64   0x00000078   Code   RO         1523    i.HAL_RCC_GetSysClockFreq  stm32l0xx_hal_rcc.o
    0x08000adc   0x08000adc   0x0000042c   Code   RO         1526    i.HAL_RCC_OscConfig  stm32l0xx_hal_rcc.o
    0x08000f08   0x08000f08   0x0000007a   Code   RO         2791    i.HAL_RTCEx_DeactivateWakeUpTimer  stm32l0xx_hal_rtc_ex.o
    0x08000f82   0x08000f82   0x00000002   PAD
    0x08000f84   0x08000f84   0x000000f8   Code   RO         2811    i.HAL_RTCEx_SetWakeUpTimer_IT  stm32l0xx_hal_rtc_ex.o
    0x0800107c   0x0800107c   0x00000010   Code   RO          475    i.HAL_RTCEx_WakeUpTimerEventCallback  rtc.o
    0x0800108c   0x0800108c   0x00000038   Code   RO         2818    i.HAL_RTCEx_WakeUpTimerIRQHandler  stm32l0xx_hal_rtc_ex.o
    0x080010c4   0x080010c4   0x000000bc   Code   RO         2659    i.HAL_RTC_Init      stm32l0xx_hal_rtc.o
    0x08001180   0x08001180   0x00000030   Code   RO          477    i.HAL_RTC_MspInit   rtc.o
    0x080011b0   0x080011b0   0x00000034   Code   RO         2667    i.HAL_RTC_WaitForSynchro  stm32l0xx_hal_rtc.o
    0x080011e4   0x080011e4   0x00000030   Code   RO         2228    i.HAL_SYSTICK_Config  stm32l0xx_hal_cortex.o
    0x08001214   0x08001214   0x00000002   Code   RO          643    i.HardFault_Handler  stm32l0xx_it.o
    0x08001216   0x08001216   0x00000002   PAD
    0x08001218   0x08001218   0x00000010   Code   RO          242    i.Int1_Callback     gpio.o
    0x08001228   0x08001228   0x0000001c   Code   RO           18    i.LEDRed_Blinking   main.o
    0x08001244   0x08001244   0x000000a0   Code   RO         2485    i.LL_EXTI_Init      stm32l0xx_ll_exti.o
    0x080012e4   0x080012e4   0x00000014   Code   RO          644    i.LL_EXTI_IsActiveFlag_0_31  stm32l0xx_it.o
    0x080012f8   0x080012f8   0x000000a8   Code   RO          788    i.LL_GPIO_Init      stm32l0xx_ll_gpio.o
    0x080013a0   0x080013a0   0x00000014   Code   RO          243    i.LL_GPIO_SetPinMode  gpio.o
    0x080013b4   0x080013b4   0x00000014   Code   RO          244    i.LL_GPIO_SetPinPull  gpio.o
    0x080013c8   0x080013c8   0x00000018   Code   RO          245    i.LL_IOP_GRP1_EnableClock  gpio.o
    0x080013e0   0x080013e0   0x00000018   Code   RO          404    i.LL_IOP_GRP1_EnableClock  usart.o
    0x080013f8   0x080013f8   0x00000018   Code   RO          527    i.LL_IOP_GRP1_EnableClock  spi.o
    0x08001410   0x08001410   0x0000002c   Code   RO         2571    i.LL_LPUART_DeInit  stm32l0xx_ll_lpuart.o
    0x0800143c   0x0800143c   0x0000006c   Code   RO         2572    i.LL_LPUART_Init    stm32l0xx_ll_lpuart.o
    0x080014a8   0x080014a8   0x00000060   Code   RO         2315    i.LL_RCC_GetLPUARTClockFreq  stm32l0xx_ll_rcc.o
    0x08001508   0x08001508   0x00000010   Code   RO         2318    i.LL_RCC_HSI_IsReady  stm32l0xx_ll_rcc.o
    0x08001518   0x08001518   0x00000010   Code   RO         2319    i.LL_RCC_IsActiveFlag_HSIDIV  stm32l0xx_ll_rcc.o
    0x08001528   0x08001528   0x00000028   Code   RO         3008    i.LL_SPI_DeInit     stm32l0xx_ll_spi.o
    0x08001550   0x08001550   0x00000060   Code   RO         3009    i.LL_SPI_Init       stm32l0xx_ll_spi.o
    0x080015b0   0x080015b0   0x00000020   Code   RO          246    i.LL_SYSCFG_SetEXTISource  gpio.o
    0x080015d0   0x080015d0   0x00000020   Code   RO         2408    i.LL_mDelay         stm32l0xx_ll_utils.o
    0x080015f0   0x080015f0   0x00000034   Code   RO          358    i.LPTIM1_Counter_Start_IT  lptim.o
    0x08001624   0x08001624   0x00000020   Code   RO          645    i.LPTIM1_IRQHandler  stm32l0xx_it.o
    0x08001644   0x08001644   0x00000038   Code   RO          359    i.LPTimerAutoreloadMatch_Callback  lptim.o
    0x0800167c   0x0800167c   0x00000024   Code   RO          646    i.LPUART1_IRQHandler  stm32l0xx_it.o
    0x080016a0   0x080016a0   0x00000044   Code   RO          405    i.LPUART_CharReception_Callback  usart.o
    0x080016e4   0x080016e4   0x000002a4   Code   RO          247    i.MX_GPIO_Init      gpio.o
    0x08001988   0x08001988   0x00000034   Code   RO          332    i.MX_IWDG_Init      iwdg.o
    0x080019bc   0x080019bc   0x00000078   Code   RO          360    i.MX_LPTIM1_Init    lptim.o
    0x08001a34   0x08001a34   0x00000068   Code   RO          406    i.MX_LPUART1_UART_DeInit  usart.o
    0x08001a9c   0x08001a9c   0x000000b8   Code   RO          407    i.MX_LPUART1_UART_Init  usart.o
    0x08001b54   0x08001b54   0x00000048   Code   RO          478    i.MX_RTC_Init       rtc.o
    0x08001b9c   0x08001b9c   0x00000070   Code   RO          528    i.MX_SPI1_DeInit    spi.o
    0x08001c0c   0x08001c0c   0x000000ac   Code   RO          529    i.MX_SPI1_Init      spi.o
    0x08001cb8   0x08001cb8   0x00000002   Code   RO          647    i.NMI_Handler       stm32l0xx_it.o
    0x08001cba   0x08001cba   0x00000002   PAD
    0x08001cbc   0x08001cbc   0x00000044   Code   RO          248    i.NVIC_SetPriority  gpio.o
    0x08001d00   0x08001d00   0x00000044   Code   RO         2230    i.NVIC_SetPriority  stm32l0xx_hal_cortex.o
    0x08001d44   0x08001d44   0x00000002   Code   RO          648    i.PendSV_Handler    stm32l0xx_it.o
    0x08001d46   0x08001d46   0x00000002   PAD
    0x08001d48   0x08001d48   0x0000002c   Code   RO          408    i.PrintInfo         usart.o
    0x08001d74   0x08001d74   0x0000001c   Code   RO         2320    i.RCC_GetHCLKClockFreq  stm32l0xx_ll_rcc.o
    0x08001d90   0x08001d90   0x00000018   Code   RO         2321    i.RCC_GetPCLK1ClockFreq  stm32l0xx_ll_rcc.o
    0x08001da8   0x08001da8   0x00000054   Code   RO         2323    i.RCC_GetSystemClockFreq  stm32l0xx_ll_rcc.o
    0x08001dfc   0x08001dfc   0x00000050   Code   RO         2324    i.RCC_PLL_GetFreqDomain_SYS  stm32l0xx_ll_rcc.o
    0x08001e4c   0x08001e4c   0x0000000c   Code   RO          249    i.REL_Callback      gpio.o
    0x08001e58   0x08001e58   0x00000028   Code   RO          250    i.REL_EXTI_DisInit  gpio.o
    0x08001e80   0x08001e80   0x0000005c   Code   RO          251    i.REL_EXTI_Init     gpio.o
    0x08001edc   0x08001edc   0x00000038   Code   RO         2670    i.RTC_EnterInitMode  stm32l0xx_hal_rtc.o
    0x08001f14   0x08001f14   0x00000010   Code   RO          649    i.RTC_IRQHandler    stm32l0xx_it.o
    0x08001f24   0x08001f24   0x00000020   Code   RO          530    i.SPI_ExchangeByte  spi.o
    0x08001f44   0x08001f44   0x00000002   Code   RO          650    i.SVC_Handler       stm32l0xx_it.o
    0x08001f46   0x08001f46   0x00000002   PAD
    0x08001f48   0x08001f48   0x00000134   Code   RO           19    i.Show_Message      main.o
    0x0800207c   0x0800207c   0x0000002e   Code   RO          531    i.SpiFunction       spi.o
    0x080020aa   0x080020aa   0x00000008   Code   RO          651    i.SysTick_Handler   stm32l0xx_it.o
    0x080020b2   0x080020b2   0x00000002   PAD
    0x080020b4   0x080020b4   0x000000ac   Code   RO           20    i.SystemClock_Config  main.o
    0x08002160   0x08002160   0x00000054   Code   RO          754    i.SystemInit        system_stm32l0xx.o
    0x080021b4   0x080021b4   0x00000020   Code   RO         3214    i.__0printf$5       mc_p.l(printf5.o)
    0x080021d4   0x080021d4   0x0000001a   Code   RO           82    i.__ARM_common_switch8  main.o
    0x080021ee   0x080021ee   0x0000000e   Code   RO         3382    i.__scatterload_copy  mc_p.l(handlers.o)
    0x080021fc   0x080021fc   0x00000002   Code   RO         3383    i.__scatterload_null  mc_p.l(handlers.o)
    0x080021fe   0x080021fe   0x0000000e   Code   RO         3384    i.__scatterload_zeroinit  mc_p.l(handlers.o)
    0x0800220c   0x0800220c   0x000002dc   Code   RO         3221    i._printf_core      mc_p.l(printf5.o)
    0x080024e8   0x080024e8   0x00000010   Code   RO          409    i.fputc             usart.o
    0x080024f8   0x080024f8   0x000003b0   Code   RO           21    i.main              main.o
    0x080028a8   0x080028a8   0x00000019   Data   RO          755    .constdata          system_stm32l0xx.o
    0x080028c1   0x080028c1   0x00000008   Data   RO          756    .constdata          system_stm32l0xx.o
    0x080028c9   0x080028c9   0x00000003   PAD
    0x080028cc   0x080028cc   0x00000020   Data   RO         3380    Region$$Table       anon$$obj.o


    Execution Region RW_IRAM1 (Exec base: 0x20000000, Load base: 0x080028ec, Size: 0x000006e8, Max: 0x00002000, ABSOLUTE)

    Exec Addr    Load Addr    Size         Type   Attr      Idx    E Section Name        Object

    0x20000000   0x080028ec   0x000000c3   Data   RW           23    .data               main.o
    0x200000c3   0x080029af   0x00000001   PAD
    0x200000c4   0x080029b0   0x00000008   Data   RW          252    .data               gpio.o
    0x200000cc   0x080029b8   0x00000006   Data   RW          361    .data               lptim.o
    0x200000d2   0x080029be   0x00000002   Data   RW          410    .data               usart.o
    0x200000d4   0x080029c0   0x00000004   Data   RW          757    .data               system_stm32l0xx.o
    0x200000d8   0x080029c4   0x00000004   Data   RW          863    .data               stm32l0xx_hal.o
    0x200000dc   0x080029c8   0x00000004   Data   RW         3356    .data               mc_p.l(stdout.o)
    0x200000e0        -       0x000001c7   Zero   RW           22    .bss                main.o
    0x200002a7   0x080029cc   0x00000001   PAD
    0x200002a8        -       0x00000024   Zero   RW          479    .bss                rtc.o
    0x200002cc        -       0x00000018   Zero   RW         1730    .bss                stm32l0xx_hal_flash.o
    0x200002e4   0x080029cc   0x00000004   PAD
    0x200002e8        -       0x00000400   Zero   RW            1    STACK               startup_stm32l010x6.o


==============================================================================

Image component sizes


      Code (inc. data)   RO Data    RW Data    ZI Data      Debug   Object Name

      1000         60          0          8          0      24311   gpio.o
        52         20          0          0          0       6687   iwdg.o
       228         28          0          6          0      20021   lptim.o
      1762        248          0        195        455     295319   main.o
       136         22          0          0         36       1692   rtc.o
       610         34          0          0          0      18554   spi.o
        88         38        192          0       1024        612   startup_stm32l010x6.o
       116         20          0          4          0       2951   stm32l0xx_hal.o
       144         24          0          0          0       8897   stm32l0xx_hal_cortex.o
       256         16          0          0         24       3054   stm32l0xx_hal_flash.o
       156         26          0          0          0       2163   stm32l0xx_hal_flash_ex.o
        24          4          0          0          0        394   stm32l0xx_hal_msp.o
        68         12          0          0          0       1067   stm32l0xx_hal_pwr.o
        32          8          0          0          0        969   stm32l0xx_hal_pwr_ex.o
      1552         64          0          0          0       4230   stm32l0xx_hal_rcc.o
       336         12          0          0          0       1364   stm32l0xx_hal_rcc_ex.o
       296          4          0          0          0       2652   stm32l0xx_hal_rtc.o
       426         18          0          0          0       3334   stm32l0xx_hal_rtc_ex.o
       176         28          0          0          0      27363   stm32l0xx_it.o
       160          4          0          0          0       4891   stm32l0xx_ll_exti.o
       168          0          0          0          0       6911   stm32l0xx_ll_gpio.o
         0          0          0          0          0       3128   stm32l0xx_ll_lptim.o
       152         14          0          0          0      15300   stm32l0xx_ll_lpuart.o
       344         84          0          0          0      18088   stm32l0xx_ll_rcc.o
       136         14          0          0          0      12482   stm32l0xx_ll_spi.o
        32          4          0          0          0       5068   stm32l0xx_ll_utils.o
        84         18         33          4          0       1103   system_stm32l0xx.o
       576         78          0          2          0      27432   usart.o

    ----------------------------------------------------------------------
      9122        902        260        220       1544     520037   Object Totals
         0          0         32          0          0          0   (incl. Generated)
        12          0          3          1          5          0   (incl. Padding)

    ----------------------------------------------------------------------

      Code (inc. data)   RO Data    RW Data    ZI Data      Debug   Library Member Name

         0          0          0          0          0          0   entry.o
         0          0          0          0          0          0   entry10a.o
         0          0          0          0          0          0   entry11a.o
         8          4          0          0          0          0   entry2.o
         4          0          0          0          0          0   entry5.o
         0          0          0          0          0          0   entry7b.o
         0          0          0          0          0          0   entry8b.o
         8          4          0          0          0          0   entry9a.o
        30          0          0          0          0          0   handlers.o
        36          8          0          0          0         68   init.o
        32          0          0          0          0         68   llshl.o
        34          0          0          0          0         68   llushr.o
        36          0          0          0          0        100   memseta.o
       764         52          0          0          0        168   printf5.o
         0          0          0          4          0          0   stdout.o
        44          0          0          0          0         72   uidiv.o
        96          0          0          0          0         84   uldiv.o

    ----------------------------------------------------------------------
      1094         68          0          4          0        628   Library Totals
         2          0          0          0          0          0   (incl. Padding)

    ----------------------------------------------------------------------

      Code (inc. data)   RO Data    RW Data    ZI Data      Debug   Library Name

      1092         68          0          4          0        628   mc_p.l

    ----------------------------------------------------------------------
      1094         68          0          4          0        628   Library Totals

    ----------------------------------------------------------------------

==============================================================================


      Code (inc. data)   RO Data    RW Data    ZI Data      Debug   

     10216        970        260        224       1544     516461   Grand Totals
     10216        970        260        224       1544     516461   ELF Image Totals
     10216        970        260        224          0          0   ROM Totals

==============================================================================

    Total RO  Size (Code + RO Data)                10476 (  10.23kB)
    Total RW  Size (RW Data + ZI Data)              1768 (   1.73kB)
    Total ROM Size (Code + RO Data + RW Data)      10700 (  10.45kB)

==============================================================================

